TRAIN_FRACTION=0.25
Wed Jun 17 00:30:29 2026       
+-----------------------------------------------------------------------------------------+
| NVIDIA-SMI 580.159.04             Driver Version: 580.159.04     CUDA Version: 13.0     |
+-----------------------------------------+------------------------+----------------------+
| GPU  Name                 Persistence-M | Bus-Id          Disp.A | Volatile Uncorr. ECC |
| Fan  Temp   Perf          Pwr:Usage/Cap |           Memory-Usage | GPU-Util  Compute M. |
|                                         |                        |               MIG M. |
|=========================================+========================+======================|
|   0  Tesla V100-PCIE-16GB           On  |   00000000:37:00.0 Off |                    0 |
| N/A   56C    P0             49W /  250W |       0MiB /  16384MiB |      0%   E. Process |
|                                         |                        |                  N/A |
+-----------------------------------------+------------------------+----------------------+

+-----------------------------------------------------------------------------------------+
| Processes:                                                                              |
|  GPU   GI   CI              PID   Type   Process name                        GPU Memory |
|        ID   ID                                                               Usage      |
|=========================================================================================|
|  No running processes found                                                             |
+-----------------------------------------------------------------------------------------+
Device: cuda, seeds=[0, 1, 2, 3, 4, 5, 6, 7, 8, 9], epochs=60
GPU: Tesla V100-PCIE-16GB

SEED 0
  [seed 0] training CNN (128,522 params)
Model finished training, test loss is 26.234322491455078, test acc: 0.1961
  [seed 0] training GE_CNN (133,234 params)
Model finished training, test loss is 4.236959171676636, test acc: 0.4289

SEED 1
  [seed 1] training CNN (128,522 params)
Model finished training, test loss is 24.93788760986328, test acc: 0.1978
  [seed 1] training GE_CNN (133,234 params)
Model finished training, test loss is 4.390294792938232, test acc: 0.4348

SEED 2
  [seed 2] training CNN (128,522 params)
Model finished training, test loss is 26.530993365478515, test acc: 0.201
  [seed 2] training GE_CNN (133,234 params)
Model finished training, test loss is 4.133835286331177, test acc: 0.43470000000000003

SEED 3
  [seed 3] training CNN (128,522 params)
Model finished training, test loss is 22.756656536865236, test acc: 0.20470000000000002
  [seed 3] training GE_CNN (133,234 params)
Model finished training, test loss is 3.793226472091675, test acc: 0.4348

SEED 4
  [seed 4] training CNN (128,522 params)
Model finished training, test loss is 25.670626458740237, test acc: 0.2071
  [seed 4] training GE_CNN (133,234 params)
Model finished training, test loss is 4.51755379562378, test acc: 0.40640000000000004

SEED 5
  [seed 5] training CNN (128,522 params)
Model finished training, test loss is 28.513620947265625, test acc: 0.20070000000000002
  [seed 5] training GE_CNN (133,234 params)
Model finished training, test loss is 5.024191628265381, test acc: 0.39790000000000003

SEED 6
  [seed 6] training CNN (128,522 params)
Model finished training, test loss is 21.340888861083986, test acc: 0.2026
  [seed 6] training GE_CNN (133,234 params)
Model finished training, test loss is 4.123911833572388, test acc: 0.42160000000000003

SEED 7
  [seed 7] training CNN (128,522 params)
Model finished training, test loss is 23.208326330566408, test acc: 0.2008
  [seed 7] training GE_CNN (133,234 params)
Model finished training, test loss is 4.276262051391602, test acc: 0.3865

SEED 8
  [seed 8] training CNN (128,522 params)
Model finished training, test loss is 25.973927392578126, test acc: 0.2028
  [seed 8] training GE_CNN (133,234 params)
Model finished training, test loss is 5.161394815826417, test acc: 0.4026

SEED 9
  [seed 9] training CNN (128,522 params)
Model finished training, test loss is 21.158833676147463, test acc: 0.2025
  [seed 9] training GE_CNN (133,234 params)
Model finished training, test loss is 4.524033507537842, test acc: 0.41440000000000005

Aggregate (mean +/- std over seeds)
  CNN     train_acc        0.9926 +/- 0.0041
  CNN     test_rot_acc     0.2016 +/- 0.0032
  CNN     test_unrot_acc   0.8896 +/- 0.0050
  GE_CNN  train_acc        0.9031 +/- 0.0075
  GE_CNN  test_rot_acc     0.4163 +/- 0.0174
  GE_CNN  test_unrot_acc   0.8154 +/- 0.0120

All outputs written to /zhome/15/2/217301/desktop/Fagprojekt---Group-Equivariance/reports/unrot_rot/frac_0.25
  aggregate.json
  aggregate.pt
  final_accuracy_bars.png
  learning_curves.png
  lsf_28680364.err
  lsf_28680364.out
  robustness_gap.png

------------------------------------------------------------
Sender: LSF System <lsfadmin@hpc.dtu.dk>
Subject: Job 28680364: <ur_0.25> in cluster <dcc> Done

Job <ur_0.25> was submitted from host <n-62-30-2> by user <s245109> in cluster <dcc> at Tue Jun 16 23:47:57 2026
Job was executed on host(s) <4*n-62-20-6>, in queue <gpuv100>, as user <s245109> in cluster <dcc> at Wed Jun 17 00:30:28 2026
</zhome/15/2/217301> was used as the home directory.
</zhome/15/2/217301/desktop/Fagprojekt---Group-Equivariance> was used as the working directory.
Started at Wed Jun 17 00:30:28 2026
Terminated at Wed Jun 17 02:19:44 2026
Results reported at Wed Jun 17 02:19:44 2026

Your job looked like:

------------------------------------------------------------
# LSBATCH: User input
#!/bin/sh
### Train-unrot / test-rot DATASIZE SWEEP: one job per TRAIN_FRACTION (set via env at submit).
### Outputs land in reports/unrot_rot/frac_<f>/ (PNGs, aggregate.json/pt, LSF logs).
### GE-CNN is param-matched to CNN (l=3, ch=8, rings=4 ~ 133k ~ CNN ch=16 128k).
### Submit ALL fractions with:   bash src/submit_unrot_rot_frac.sh
### Or one fraction manually:
###   bsub -J ur_0.05 -o reports/unrot_rot/frac_0.05/lsf_%J.out \
###        -e reports/unrot_rot/frac_0.05/lsf_%J.err \
###        -env "all, TRAIN_FRACTION=0.05" < src/run_unrot_rot_frac.sh
#BSUB -q gpuv100
#BSUB -J unrot_rot_frac
#BSUB -n 4
#BSUB -R "span[hosts=1]"
#BSUB -R "rusage[mem=8GB]"
#BSUB -gpu "num=1:mode=exclusive_process"
#BSUB -W 24:00

cd /zhome/15/2/217301/desktop/Fagprojekt---Group-Equivariance
echo "TRAIN_FRACTION=${TRAIN_FRACTION:-unset}"
nvidia-smi || true
~/.local/bin/uv run python src/train_unrot_test_rot.py

------------------------------------------------------------

Successfully completed.

Resource usage summary:

    CPU time :                                   6556.00 sec.
    Max Memory :                                 1240 MB
    Average Memory :                             1186.67 MB
    Total Requested Memory :                     32768.00 MB
    Delta Memory :                               31528.00 MB
    Max Swap :                                   -
    Max Processes :                              5
    Max Threads :                                13
    Run time :                                   6556 sec.
    Turnaround time :                            9107 sec.

The output (if any) is above this job summary.



PS:

Read file </zhome/15/2/217301/desktop/Fagprojekt---Group-Equivariance/reports/unrot_rot/frac_0.25/lsf_28680364.err> for stderr output of this job.

