Fri Jun 12 17:13:31 2026       
+-----------------------------------------------------------------------------------------+
| NVIDIA-SMI 580.159.04             Driver Version: 580.159.04     CUDA Version: 13.0     |
+-----------------------------------------+------------------------+----------------------+
| GPU  Name                 Persistence-M | Bus-Id          Disp.A | Volatile Uncorr. ECC |
| Fan  Temp   Perf          Pwr:Usage/Cap |           Memory-Usage | GPU-Util  Compute M. |
|                                         |                        |               MIG M. |
|=========================================+========================+======================|
|   0  Tesla V100-SXM2-32GB           On  |   00000000:15:00.0 Off |                    0 |
| N/A   33C    P0             40W /  300W |       0MiB /  32768MiB |      0%   E. Process |
|                                         |                        |                  N/A |
+-----------------------------------------+------------------------+----------------------+

+-----------------------------------------------------------------------------------------+
| Processes:                                                                              |
|  GPU   GI   CI              PID   Type   Process name                        GPU Memory |
|        ID   ID                                                               Usage      |
|=========================================================================================|
|  No running processes found                                                             |
+-----------------------------------------------------------------------------------------+
Device: cuda
GPU: Tesla V100-SXM2-32GB
Epochs: 100 | batch: 128 | lr: 0.001 | train_frac: 0.1 | test_frac: 1.0

=== Training CNN (95,882 parameters) ===
Model finished training, test loss is 16.383822402954102, test acc: 0.4049
CNN: train acc 100.00% | test(unrot) 98.14% | test(rot) 40.49%

=== Training GE_CNN (69,570 parameters) ===
Model finished training, test loss is 0.9916897384643555, test acc: 0.7294
GE_CNN: train acc 94.31% | test(unrot) 89.08% | test(rot) 72.94%

All outputs written to /zhome/15/2/217301/desktop/Fagprojekt---Group-Equivariance/reports/unrot_rot
  CNN_model_weights.pth
  GE_CNN_model_weights.pth
  final_accuracy_bars.png
  histories.pt
  learning_curves.png
  lsf_28637448.err
  lsf_28637448.out
  robustness_gap.png
  summary.json

------------------------------------------------------------
Sender: LSF System <lsfadmin@hpc.dtu.dk>
Subject: Job 28637448: <unrot_rot> in cluster <dcc> Done

Job <unrot_rot> was submitted from host <n-62-27-20> by user <s245109> in cluster <dcc> at Fri Jun 12 16:44:38 2026
Job was executed on host(s) <4*n-62-20-10>, in queue <gpuv100>, as user <s245109> in cluster <dcc> at Fri Jun 12 17:13:29 2026
</zhome/15/2/217301> was used as the home directory.
</zhome/15/2/217301/desktop/Fagprojekt---Group-Equivariance> was used as the working directory.
Started at Fri Jun 12 17:13:29 2026
Terminated at Fri Jun 12 17:21:11 2026
Results reported at Fri Jun 12 17:21:11 2026

Your job looked like:

------------------------------------------------------------
# LSBATCH: User input
#!/bin/sh
### LSF job script: train-on-unrotated / test-on-rotated, CNN vs GE-CNN, on a DTU GPU.
### Submit from the project root with:   bsub < src/run_unrot_rot.sh
### Queue: gpuv100 has the most free slots; swap to gpua100/gpul40s/gpuh100 if preferred.
#BSUB -q gpuv100
#BSUB -J unrot_rot
#BSUB -n 4
#BSUB -R "span[hosts=1]"
#BSUB -R "rusage[mem=8GB]"
#BSUB -gpu "num=1:mode=exclusive_process"
#BSUB -W 4:00
#BSUB -o reports/unrot_rot/lsf_%J.out
#BSUB -e reports/unrot_rot/lsf_%J.err

cd /zhome/15/2/217301/desktop/Fagprojekt---Group-Equivariance

export N_EPOCHS=${N_EPOCHS:-100}
# DEVICE unset -> the script auto-detects CUDA on the GPU node.

nvidia-smi || true
~/.local/bin/uv run python src/train_unrot_test_rot.py

------------------------------------------------------------

Successfully completed.

Resource usage summary:

    CPU time :                                   426.00 sec.
    Max Memory :                                 1064 MB
    Average Memory :                             936.33 MB
    Total Requested Memory :                     32768.00 MB
    Delta Memory :                               31704.00 MB
    Max Swap :                                   -
    Max Processes :                              5
    Max Threads :                                13
    Run time :                                   462 sec.
    Turnaround time :                            2193 sec.

The output (if any) is above this job summary.



PS:

Read file <reports/unrot_rot/lsf_28637448.err> for stderr output of this job.

