TRAIN_FRACTION=0.2 CHANNELS=32
Fri Jun 19 21:04:37 2026       
+-----------------------------------------------------------------------------------------+
| NVIDIA-SMI 595.71.05              Driver Version: 595.71.05      CUDA Version: 13.2     |
+-----------------------------------------+------------------------+----------------------+
| GPU  Name                 Persistence-M | Bus-Id          Disp.A | Volatile Uncorr. ECC |
| Fan  Temp   Perf          Pwr:Usage/Cap |           Memory-Usage | GPU-Util  Compute M. |
|                                         |                        |               MIG M. |
|=========================================+========================+======================|
|   0  NVIDIA A40                     On  |   00000000:B1:00.0 Off |                    0 |
|  0%   64C    P0             72W /  300W |       0MiB /  46068MiB |      0%   E. Process |
|                                         |                        |                  N/A |
+-----------------------------------------+------------------------+----------------------+

+-----------------------------------------------------------------------------------------+
| Processes:                                                                              |
|  GPU   GI   CI              PID   Type   Process name                        GPU Memory |
|        ID   ID                                                               Usage      |
|=========================================================================================|
|  No running processes found                                                             |
+-----------------------------------------------------------------------------------------+
Device: cuda | SMOKE=False | datasize=0.2 | channels=32 | seeds=[0, 1, 2, 3, 4, 5, 6, 7, 8, 9, 10, 11, 12, 13, 14] | max_epochs=100 | patience=10 | img=40
GPU: NVIDIA A40

CNN: 385,034 params (channels=32)
  [seed 0] best_epoch= 11  test_acc=0.7535  (n_train=12000)
  [seed 1] best_epoch=  7  test_acc=0.7465  (n_train=12000)
  [seed 2] best_epoch= 12  test_acc=0.7730  (n_train=12000)
  [seed 3] best_epoch= 10  test_acc=0.7635  (n_train=12000)
  [seed 4] best_epoch= 10  test_acc=0.7520  (n_train=12000)
  [seed 5] best_epoch=  9  test_acc=0.7540  (n_train=12000)
  [seed 6] best_epoch= 11  test_acc=0.7655  (n_train=12000)
  [seed 7] best_epoch= 10  test_acc=0.7405  (n_train=12000)
  [seed 8] best_epoch= 10  test_acc=0.7235  (n_train=12000)
  [seed 9] best_epoch= 12  test_acc=0.7555  (n_train=12000)
  [seed 10] best_epoch= 12  test_acc=0.7665  (n_train=12000)
  [seed 11] best_epoch= 10  test_acc=0.7425  (n_train=12000)
  [seed 12] best_epoch=  9  test_acc=0.7480  (n_train=12000)
  [seed 13] best_epoch= 10  test_acc=0.7510  (n_train=12000)
  [seed 14] best_epoch=  9  test_acc=0.7375  (n_train=12000)
  CNN: test_acc 0.7515 +/- 0.0127  ->  /zhome/15/2/217301/desktop/Fagprojekt---Group-Equivariance/reports/param_datasize_2/CNN/datasize_0.2/channels_32
  GE_CNN skipped at channels=32 (too heavy; GE capped at ch=16)

Done. Cell datasize_0.2/channels_32 outputs under /zhome/15/2/217301/desktop/Fagprojekt---Group-Equivariance/reports/param_datasize_2/<MODEL>/

------------------------------------------------------------
Sender: LSF System <lsfadmin@hpc.dtu.dk>
Subject: Job 28700594: <pd_0.2_32> in cluster <dcc> Done

Job <pd_0.2_32> was submitted from host <hpclogin1> by user <s245109> in cluster <dcc> at Fri Jun 19 13:18:17 2026
Job was executed on host(s) <4*n-62-18-4>, in queue <gpua40>, as user <s245109> in cluster <dcc> at Fri Jun 19 21:04:35 2026
</zhome/15/2/217301> was used as the home directory.
</zhome/15/2/217301/desktop/Fagprojekt---Group-Equivariance> was used as the working directory.
Started at Fri Jun 19 21:04:35 2026
Terminated at Fri Jun 19 21:10:08 2026
Results reported at Fri Jun 19 21:10:08 2026

Your job looked like:

------------------------------------------------------------
# LSBATCH: User input
#!/bin/sh
### Per-CELL job template for the datasize x channels grid (CNN vs GE-CNN).
### One job handles one cell: TRAIN_FRACTION and CHANNELS are set via -env at submit.
### Outputs land in reports/param_datasize_2/datasize_<f>/channels_<c>/.
### Submit ALL 30 cells with:   bash src/submit_param_datasize_v3.sh
### Or one cell manually:
###   bsub -J pd_0.05_8 \
###        -o reports/param_datasize_2/datasize_0.05/channels_8/lsf_%J.out \
###        -e reports/param_datasize_2/datasize_0.05/channels_8/lsf_%J.err \
###        -env "all, TRAIN_FRACTION=0.05, CHANNELS=8" < src/run_param_datasize_v3.sh
#BSUB -q gpuv100
#BSUB -J param_datasize_v3
#BSUB -n 4
#BSUB -R "span[hosts=1]"
#BSUB -R "rusage[mem=8GB]"
#BSUB -gpu "num=1:mode=exclusive_process"
#BSUB -W 4:00

cd /zhome/15/2/217301/desktop/Fagprojekt---Group-Equivariance
echo "TRAIN_FRACTION=${TRAIN_FRACTION:-unset} CHANNELS=${CHANNELS:-unset}"
nvidia-smi || true
~/.local/bin/uv run python src/test_parameters_datasize_v3.py

------------------------------------------------------------

Successfully completed.

Resource usage summary:

    CPU time :                                   644.70 sec.
    Max Memory :                                 935 MB
    Average Memory :                             785.00 MB
    Total Requested Memory :                     32768.00 MB
    Delta Memory :                               31833.00 MB
    Max Swap :                                   -
    Max Processes :                              9
    Max Threads :                                30
    Run time :                                   333 sec.
    Turnaround time :                            28311 sec.

The output (if any) is above this job summary.



PS:

Read file </zhome/15/2/217301/desktop/Fagprojekt---Group-Equivariance/reports/param_datasize_2/datasize_0.2/channels_32/lsf_28700594.err> for stderr output of this job.

