TRAIN_FRACTION=0.1 CHANNELS=16
Thu Jun 18 01:40:33 2026       
+-----------------------------------------------------------------------------------------+
| NVIDIA-SMI 595.71.05              Driver Version: 595.71.05      CUDA Version: 13.2     |
+-----------------------------------------+------------------------+----------------------+
| GPU  Name                 Persistence-M | Bus-Id          Disp.A | Volatile Uncorr. ECC |
| Fan  Temp   Perf          Pwr:Usage/Cap |           Memory-Usage | GPU-Util  Compute M. |
|                                         |                        |               MIG M. |
|=========================================+========================+======================|
|   0  NVIDIA L40S                    On  |   00000000:41:00.0 Off |                    0 |
| N/A   45C    P0             86W /  350W |       0MiB /  46068MiB |      0%   E. Process |
|                                         |                        |                  N/A |
+-----------------------------------------+------------------------+----------------------+

+-----------------------------------------------------------------------------------------+
| Processes:                                                                              |
|  GPU   GI   CI              PID   Type   Process name                        GPU Memory |
|        ID   ID                                                               Usage      |
|=========================================================================================|
|  No running processes found                                                             |
+-----------------------------------------------------------------------------------------+
Device: cuda | SMOKE=False | datasize=0.1 | channels=16 | seeds=[0, 1, 2, 3, 4, 5, 6, 7, 8, 9, 10, 11, 12, 13, 14] | max_epochs=100 | patience=10 | img=40
GPU: NVIDIA L40S

CNN: 128,522 params (channels=16)
  [seed 0] best_epoch= 12  test_acc=0.6750  (n_train=6000)
  [seed 1] best_epoch= 14  test_acc=0.6880  (n_train=6000)
  [seed 2] best_epoch= 18  test_acc=0.7050  (n_train=6000)
  [seed 3] best_epoch= 14  test_acc=0.7065  (n_train=6000)
  [seed 4] best_epoch= 14  test_acc=0.7090  (n_train=6000)
  [seed 5] best_epoch= 14  test_acc=0.7005  (n_train=6000)
  [seed 6] best_epoch= 16  test_acc=0.7105  (n_train=6000)
  [seed 7] best_epoch= 13  test_acc=0.6975  (n_train=6000)
  [seed 8] best_epoch= 18  test_acc=0.7080  (n_train=6000)
  [seed 9] best_epoch= 18  test_acc=0.7045  (n_train=6000)
  [seed 10] best_epoch= 18  test_acc=0.7060  (n_train=6000)
  [seed 11] best_epoch= 15  test_acc=0.7180  (n_train=6000)
  [seed 12] best_epoch= 11  test_acc=0.6855  (n_train=6000)
  [seed 13] best_epoch= 12  test_acc=0.7065  (n_train=6000)
  [seed 14] best_epoch= 16  test_acc=0.7035  (n_train=6000)
  CNN: test_acc 0.7016 +/- 0.0110  ->  /zhome/15/2/217301/desktop/Fagprojekt---Group-Equivariance/reports/param_datasize_2/CNN/datasize_0.1/channels_16

GE_CNN: 395,130 params (channels=16)
  [seed 0] best_epoch= 33  test_acc=0.6750  (n_train=6000)
  [seed 1] best_epoch= 37  test_acc=0.7280  (n_train=6000)
  [seed 2] best_epoch= 31  test_acc=0.7105  (n_train=6000)
  [seed 3] best_epoch= 30  test_acc=0.7185  (n_train=6000)
  [seed 4] best_epoch= 49  test_acc=0.7225  (n_train=6000)
  [seed 5] best_epoch= 35  test_acc=0.7145  (n_train=6000)
  [seed 6] best_epoch= 38  test_acc=0.7250  (n_train=6000)
  [seed 7] best_epoch= 41  test_acc=0.7030  (n_train=6000)
  [seed 8] best_epoch= 16  test_acc=0.6535  (n_train=6000)
  [seed 9] best_epoch= 35  test_acc=0.7085  (n_train=6000)
  [seed 10] best_epoch= 34  test_acc=0.6970  (n_train=6000)
  [seed 11] best_epoch= 59  test_acc=0.7250  (n_train=6000)
  [seed 12] best_epoch= 47  test_acc=0.7310  (n_train=6000)
  [seed 13] best_epoch= 38  test_acc=0.6990  (n_train=6000)
  [seed 14] best_epoch= 42  test_acc=0.7295  (n_train=6000)
  GE_CNN: test_acc 0.7094 +/- 0.0217  ->  /zhome/15/2/217301/desktop/Fagprojekt---Group-Equivariance/reports/param_datasize_2/GE_CNN/datasize_0.1/channels_16

Done. Cell datasize_0.1/channels_16 outputs under /zhome/15/2/217301/desktop/Fagprojekt---Group-Equivariance/reports/param_datasize_2/<MODEL>/

------------------------------------------------------------
Sender: LSF System <lsfadmin@hpc.dtu.dk>
Subject: Job 28682919: <pd_0.1_16> in cluster <dcc> Done

Job <pd_0.1_16> was submitted from host <n-62-30-4> by user <s245109> in cluster <dcc> at Wed Jun 17 14:36:30 2026
Job was executed on host(s) <4*n-62-13-19>, in queue <gpul40s>, as user <s245109> in cluster <dcc> at Thu Jun 18 01:40:31 2026
</zhome/15/2/217301> was used as the home directory.
</zhome/15/2/217301/desktop/Fagprojekt---Group-Equivariance> was used as the working directory.
Started at Thu Jun 18 01:40:31 2026
Terminated at Thu Jun 18 02:34:37 2026
Results reported at Thu Jun 18 02:34:37 2026

Your job looked like:

------------------------------------------------------------
# LSBATCH: User input
#!/bin/sh
### Per-CELL job template for the datasize x channels grid (CNN vs GE-CNN).
### One job handles one cell: TRAIN_FRACTION and CHANNELS are set via -env at submit.
### Outputs land in reports/param_datasize_2/datasize_<f>/channels_<c>/.
### Submit ALL 30 cells with:   bash src/submit_param_datasize_v3.sh
### Or one cell manually:
###   bsub -J pd_0.05_8 \
###        -o reports/param_datasize_2/datasize_0.05/channels_8/lsf_%J.out \
###        -e reports/param_datasize_2/datasize_0.05/channels_8/lsf_%J.err \
###        -env "all, TRAIN_FRACTION=0.05, CHANNELS=8" < src/run_param_datasize_v3.sh
#BSUB -q gpuv100
#BSUB -J param_datasize_v3
#BSUB -n 4
#BSUB -R "span[hosts=1]"
#BSUB -R "rusage[mem=8GB]"
#BSUB -gpu "num=1:mode=exclusive_process"
#BSUB -W 4:00

cd /zhome/15/2/217301/desktop/Fagprojekt---Group-Equivariance
echo "TRAIN_FRACTION=${TRAIN_FRACTION:-unset} CHANNELS=${CHANNELS:-unset}"
nvidia-smi || true
~/.local/bin/uv run python src/test_parameters_datasize_v3.py

------------------------------------------------------------

Successfully completed.

Resource usage summary:

    CPU time :                                   4595.00 sec.
    Max Memory :                                 1178 MB
    Average Memory :                             1120.44 MB
    Total Requested Memory :                     32768.00 MB
    Delta Memory :                               31590.00 MB
    Max Swap :                                   -
    Max Processes :                              9
    Max Threads :                                30
    Run time :                                   3246 sec.
    Turnaround time :                            43087 sec.

The output (if any) is above this job summary.



PS:

Read file </zhome/15/2/217301/desktop/Fagprojekt---Group-Equivariance/reports/param_datasize_2/datasize_0.1/channels_16/lsf_28682919.err> for stderr output of this job.

