Tue Jun 16 23:39:10 2026       
+-----------------------------------------------------------------------------------------+
| NVIDIA-SMI 580.159.04             Driver Version: 580.159.04     CUDA Version: 13.0     |
+-----------------------------------------+------------------------+----------------------+
| GPU  Name                 Persistence-M | Bus-Id          Disp.A | Volatile Uncorr. ECC |
| Fan  Temp   Perf          Pwr:Usage/Cap |           Memory-Usage | GPU-Util  Compute M. |
|                                         |                        |               MIG M. |
|=========================================+========================+======================|
|   0  Tesla V100-PCIE-16GB           On  |   00000000:AF:00.0 Off |                    0 |
| N/A   36C    P0             26W /  250W |       0MiB /  16384MiB |      0%   E. Process |
|                                         |                        |                  N/A |
+-----------------------------------------+------------------------+----------------------+

+-----------------------------------------------------------------------------------------+
| Processes:                                                                              |
|  GPU   GI   CI              PID   Type   Process name                        GPU Memory |
|        ID   ID                                                               Usage      |
|=========================================================================================|
|  No running processes found                                                             |
+-----------------------------------------------------------------------------------------+
Device: cuda | SMOKE=False | seeds=[0, 1, 2, 3, 4] | epochs=30 | img=40
GPU: Tesla V100-PCIE-16GB

==== Experiment A: parameter vs parameter ====

CNN ch=2: 9,074p  ->  GE ch=2, rings=6: 7,400p
Model finished training, test loss is 0.9941461296081543, test acc: 0.656
Model finished training, test loss is 0.9733772077560425, test acc: 0.642
Model finished training, test loss is 1.0122958374023439, test acc: 0.649
Model finished training, test loss is 1.005045907974243, test acc: 0.626
Model finished training, test loss is 0.9640150122642517, test acc: 0.678
Model finished training, test loss is 0.9530957632064819, test acc: 0.655
Model finished training, test loss is 0.9606856751441956, test acc: 0.669
Model finished training, test loss is 1.0241466932296752, test acc: 0.618
Model finished training, test loss is 0.9751802673339844, test acc: 0.659
Model finished training, test loss is 0.9882460880279541, test acc: 0.623
  GE 0.637+/-0.011 | CNN 0.616+/-0.011

CNN ch=4: 20,138p  ->  GE ch=4, rings=4: 18,790p
Model finished training, test loss is 0.9646957864761353, test acc: 0.661
Model finished training, test loss is 0.9725633106231689, test acc: 0.658
Model finished training, test loss is 0.8826127066612244, test acc: 0.6900000000000001
Model finished training, test loss is 0.9221591825485229, test acc: 0.674
Model finished training, test loss is 0.8885762228965759, test acc: 0.712
Model finished training, test loss is 0.888097119808197, test acc: 0.6890000000000001
Model finished training, test loss is 0.9141974840164184, test acc: 0.675
Model finished training, test loss is 0.9296243038177491, test acc: 0.663
Model finished training, test loss is 0.9059637098312379, test acc: 0.6910000000000001
Model finished training, test loss is 0.9017055587768555, test acc: 0.687
  GE 0.663+/-0.016 | CNN 0.650+/-0.013

CNN ch=8: 48,266p  ->  GE ch=8, rings=2: 37,570p
Model finished training, test loss is 0.9899485783576966, test acc: 0.665
Model finished training, test loss is 0.9007471113204957, test acc: 0.6980000000000001
Model finished training, test loss is 0.9168822493553161, test acc: 0.679
Model finished training, test loss is 0.9706589903831482, test acc: 0.6990000000000001
Model finished training, test loss is 0.9025244574546815, test acc: 0.686
Model finished training, test loss is 0.8960375185012818, test acc: 0.7000000000000001
Model finished training, test loss is 0.8706382656097412, test acc: 0.683
Model finished training, test loss is 0.8734474925994873, test acc: 0.6940000000000001
Model finished training, test loss is 0.9352919926643372, test acc: 0.681
Model finished training, test loss is 0.8386518259048462, test acc: 0.719
  GE 0.662+/-0.011 | CNN 0.679+/-0.009

CNN ch=16: 128,522p  ->  GE ch=8, rings=6: 101,570p
Model finished training, test loss is 0.9084743328094482, test acc: 0.6910000000000001
Model finished training, test loss is 1.0845903224945068, test acc: 0.731
Model finished training, test loss is 0.8559778909683228, test acc: 0.711
Model finished training, test loss is 1.1379895362854004, test acc: 0.7020000000000001
Model finished training, test loss is 0.8639266028404236, test acc: 0.6950000000000001
Model finished training, test loss is 1.0601016521453857, test acc: 0.725
Model finished training, test loss is 0.8191835865974426, test acc: 0.714
Model finished training, test loss is 1.1745937690734864, test acc: 0.729
Model finished training, test loss is 0.8381323757171631, test acc: 0.713
Model finished training, test loss is 1.095149061203003, test acc: 0.722
  GE 0.684+/-0.014 | CNN 0.697+/-0.008

CNN ch=32: 385,034p  ->  GE ch=16, rings=5: 331,130p
Model finished training, test loss is 0.8128911385536194, test acc: 0.723
Model finished training, test loss is 1.3656082487106322, test acc: 0.731
Model finished training, test loss is 0.8141869416236878, test acc: 0.731
Model finished training, test loss is 1.2384904890060424, test acc: 0.704
Model finished training, test loss is 0.8807419786453248, test acc: 0.6910000000000001
Model finished training, test loss is 1.4664170112609864, test acc: 0.73
Model finished training, test loss is 0.804787763595581, test acc: 0.742
Model finished training, test loss is 1.3124135303497315, test acc: 0.726
Model finished training, test loss is 0.7791763596534729, test acc: 0.745
Model finished training, test loss is 1.4169133491516113, test acc: 0.728
  GE 0.700+/-0.018 | CNN 0.703+/-0.006

CNN ch=64: 1,282,058p  ->  GE ch=32, rings=4: 1,046,250p
Model finished training, test loss is 0.9995879769325257, test acc: 0.68
Model finished training, test loss is 1.089213041305542, test acc: 0.723
Model finished training, test loss is 0.881887511253357, test acc: 0.706
Model finished training, test loss is 1.405898253440857, test acc: 0.71
Model finished training, test loss is 0.8757231674194336, test acc: 0.6890000000000001
Model finished training, test loss is 1.2720001888275148, test acc: 0.753
Model finished training, test loss is 0.866463728427887, test acc: 0.671
Model finished training, test loss is 1.4102503395080566, test acc: 0.712
Model finished training, test loss is 0.9116419820785523, test acc: 0.6910000000000001
Model finished training, test loss is 1.4165882720947265, test acc: 0.71
  GE 0.671+/-0.012 | CNN 0.699+/-0.012

CNN ch=128: 4,612,106p  ->  GE ch=64, rings=4: 4,140,490p
Model finished training, test loss is 0.9893382172584534, test acc: 0.645
Model finished training, test loss is 1.3408439655303956, test acc: 0.7000000000000001
Model finished training, test loss is 0.8597538146972656, test acc: 0.722
Model finished training, test loss is 1.524751477241516, test acc: 0.707
Model finished training, test loss is 1.1794370737075806, test acc: 0.627
Model finished training, test loss is 1.5278805875778199, test acc: 0.708
Model finished training, test loss is 0.8583410511016846, test acc: 0.71
Model finished training, test loss is 1.477878399848938, test acc: 0.72
Model finished training, test loss is 0.8479798879623414, test acc: 0.712
Model finished training, test loss is 1.6244792976379394, test acc: 0.727
  GE 0.664+/-0.046 | CNN 0.691+/-0.013

==== Experiment B: data efficiency ====
Matched pair: CNN ch=8 (48,266p) ~ GE ch=8, rings=2 (37,570p)
Model finished training, test loss is 1.3000718584060669, test acc: 0.53
Model finished training, test loss is 1.5872191038131713, test acc: 0.47500000000000003
Model finished training, test loss is 1.2301152238845825, test acc: 0.5670000000000001
Model finished training, test loss is 1.4224713439941405, test acc: 0.548
Model finished training, test loss is 1.3107972087860107, test acc: 0.557
Model finished training, test loss is 1.424684630393982, test acc: 0.526
Model finished training, test loss is 1.2399008741378785, test acc: 0.553
Model finished training, test loss is 1.4967764320373536, test acc: 0.491
Model finished training, test loss is 1.2908040809631347, test acc: 0.545
Model finished training, test loss is 1.6421401348114013, test acc: 0.493
  frac 1% (n=600): GE 0.528 | CNN 0.498
Model finished training, test loss is 1.1568674507141115, test acc: 0.631
Model finished training, test loss is 1.3191897172927858, test acc: 0.553
Model finished training, test loss is 1.1937791051864624, test acc: 0.619
Model finished training, test loss is 1.2451138029098512, test acc: 0.616
Model finished training, test loss is 1.242941520690918, test acc: 0.56
Model finished training, test loss is 1.213285243988037, test acc: 0.601
Model finished training, test loss is 1.2386949195861816, test acc: 0.5700000000000001
Model finished training, test loss is 1.337918062210083, test acc: 0.5680000000000001
Model finished training, test loss is 1.1369045515060425, test acc: 0.605
Model finished training, test loss is 1.3177268781661988, test acc: 0.55
  frac 2% (n=1200): GE 0.567 | CNN 0.553
Model finished training, test loss is 1.3384864540100099, test acc: 0.593
Model finished training, test loss is 1.223747441291809, test acc: 0.5640000000000001
Model finished training, test loss is 1.1025754776000978, test acc: 0.624
Model finished training, test loss is 1.1674255409240724, test acc: 0.622
Model finished training, test loss is 1.1000218801498414, test acc: 0.607
Model finished training, test loss is 1.0884777030944826, test acc: 0.627
Model finished training, test loss is 1.2263972158432006, test acc: 0.607
Model finished training, test loss is 1.08788094997406, test acc: 0.617
Model finished training, test loss is 1.2156479005813599, test acc: 0.532
Model finished training, test loss is 1.1851174602508545, test acc: 0.58
  frac 3% (n=1800): GE 0.571 | CNN 0.581
Model finished training, test loss is 0.9557636585235596, test acc: 0.683
Model finished training, test loss is 1.0355933933258057, test acc: 0.636
Model finished training, test loss is 1.0263123207092286, test acc: 0.656
Model finished training, test loss is 1.1176414852142333, test acc: 0.639
Model finished training, test loss is 0.9892479009628297, test acc: 0.655
Model finished training, test loss is 0.9857036790847779, test acc: 0.654
Model finished training, test loss is 0.9548429670333862, test acc: 0.665
Model finished training, test loss is 0.9848635139465333, test acc: 0.669
Model finished training, test loss is 1.1194983043670654, test acc: 0.659
Model finished training, test loss is 1.08051851272583, test acc: 0.619
  frac 5% (n=3000): GE 0.637 | CNN 0.629
Model finished training, test loss is 0.982298668384552, test acc: 0.666
Model finished training, test loss is 0.9019957599639893, test acc: 0.6920000000000001
Model finished training, test loss is 0.9155386362075806, test acc: 0.687
Model finished training, test loss is 0.97820294713974, test acc: 0.6980000000000001
Model finished training, test loss is 0.8926166095733643, test acc: 0.6920000000000001
Model finished training, test loss is 0.9072625102996826, test acc: 0.6940000000000001
Model finished training, test loss is 0.8940195527076721, test acc: 0.666
Model finished training, test loss is 0.8674648656845093, test acc: 0.705
Model finished training, test loss is 0.9444084167480469, test acc: 0.673
Model finished training, test loss is 0.8470591893196107, test acc: 0.714
  frac 10% (n=6000): GE 0.661 | CNN 0.679

Done. Results: /zhome/15/2/217301/desktop/Fagprojekt---Group-Equivariance/results/param_datasize_results.pt
Plots + summary: /zhome/15/2/217301/desktop/Fagprojekt---Group-Equivariance/reports/param_datasize

------------------------------------------------------------
Sender: LSF System <lsfadmin@hpc.dtu.dk>
Subject: Job 28680357: <param_datasize> in cluster <dcc> Done

Job <param_datasize> was submitted from host <n-62-30-2> by user <s245109> in cluster <dcc> at Tue Jun 16 23:37:43 2026
Job was executed on host(s) <4*n-62-20-5>, in queue <gpuv100>, as user <s245109> in cluster <dcc> at Tue Jun 16 23:39:08 2026
</zhome/15/2/217301> was used as the home directory.
</zhome/15/2/217301/desktop/Fagprojekt---Group-Equivariance> was used as the working directory.
Started at Tue Jun 16 23:39:08 2026
Terminated at Wed Jun 17 02:43:41 2026
Results reported at Wed Jun 17 02:43:41 2026

Your job looked like:

------------------------------------------------------------
# LSBATCH: User input
#!/bin/sh
### LSF job: parameter- and data-efficiency sweeps, GE-CNN vs CNN, multi-seed.
### Remember: set SMOKE = False in test_parameters_datasize_v2.py before submitting.
### Submit from the project root with:   bsub < src/run_param_datasize.sh
#BSUB -q gpuv100
#BSUB -J param_datasize
#BSUB -n 4
#BSUB -R "span[hosts=1]"
#BSUB -R "rusage[mem=8GB]"
#BSUB -gpu "num=1:mode=exclusive_process"
#BSUB -W 18:00
#BSUB -o reports/param_datasize/lsf_%J.out
#BSUB -e reports/param_datasize/lsf_%J.err

cd /zhome/15/2/217301/desktop/Fagprojekt---Group-Equivariance
mkdir -p reports/param_datasize

nvidia-smi || true
~/.local/bin/uv run python src/test_parameters_datasize_v2.py

------------------------------------------------------------

Successfully completed.

Resource usage summary:

    CPU time :                                   16397.00 sec.
    Max Memory :                                 2737 MB
    Average Memory :                             1354.77 MB
    Total Requested Memory :                     32768.00 MB
    Delta Memory :                               30031.00 MB
    Max Swap :                                   -
    Max Processes :                              9
    Max Threads :                                29
    Run time :                                   11073 sec.
    Turnaround time :                            11158 sec.

The output (if any) is above this job summary.



PS:

Read file <reports/param_datasize/lsf_28680357.err> for stderr output of this job.

