Sender: LSF System <lsfadmin@hpc.dtu.dk>
Subject: Job 28680184: <param_datasize> in cluster <dcc> Done

Job <param_datasize> was submitted from host <n-62-12-19> by user <s245109> in cluster <dcc> at Tue Jun 16 23:14:35 2026
Job was executed on host(s) <4*n-62-11-14>, in queue <gpuv100>, as user <s245109> in cluster <dcc> at Tue Jun 16 23:15:10 2026
</zhome/15/2/217301> was used as the home directory.
</zhome/15/2/217301/desktop/Fagprojekt---Group-Equivariance> was used as the working directory.
Started at Tue Jun 16 23:15:10 2026
Terminated at Tue Jun 16 23:15:11 2026
Results reported at Tue Jun 16 23:15:11 2026

Your job looked like:

------------------------------------------------------------
# LSBATCH: User input
#!/bin/sh
### LSF job: parameter- and data-efficiency sweeps, GE-CNN vs CNN, multi-seed.
### Remember: set SMOKE = False in test_parameters_datasize_v2.py before submitting.
### Submit from the project root with:   bsub < src/run_param_datasize.sh
#BSUB -q gpuv100
#BSUB -J param_datasize
#BSUB -n 4
#BSUB -R "span[hosts=1]"
#BSUB -R "rusage[mem=8GB]"
#BSUB -gpu "num=1:mode=exclusive_process"
#BSUB -W 18:00
#BSUB -o reports/param_datasize/lsf_%J.out
#BSUB -e reports/param_datasize/lsf_%J.err

cd /zhome/15/2/217301/desktop/Fagprojekt---Group-Equivariance
mkdir -p reports/param_datasize

------------------------------------------------------------

Successfully completed.

Resource usage summary:

    CPU time :                                   0.60 sec.
    Max Memory :                                 -
    Average Memory :                             -
    Total Requested Memory :                     32768.00 MB
    Delta Memory :                               -
    Max Swap :                                   -
    Max Processes :                              -
    Max Threads :                                -
    Run time :                                   1 sec.
    Turnaround time :                            36 sec.

The output (if any) follows:



PS:

Read file <reports/param_datasize/lsf_28680184.err> for stderr output of this job.

