Tue Jun 16 23:26:09 2026       
+-----------------------------------------------------------------------------------------+
| NVIDIA-SMI 580.159.04             Driver Version: 580.159.04     CUDA Version: 13.0     |
+-----------------------------------------+------------------------+----------------------+
| GPU  Name                 Persistence-M | Bus-Id          Disp.A | Volatile Uncorr. ECC |
| Fan  Temp   Perf          Pwr:Usage/Cap |           Memory-Usage | GPU-Util  Compute M. |
|                                         |                        |               MIG M. |
|=========================================+========================+======================|
|   0  Tesla V100-PCIE-16GB           On  |   00000000:AF:00.0 Off |                    0 |
| N/A   55C    P0             32W /  250W |       0MiB /  16384MiB |      0%   E. Process |
|                                         |                        |                  N/A |
+-----------------------------------------+------------------------+----------------------+

+-----------------------------------------------------------------------------------------+
| Processes:                                                                              |
|  GPU   GI   CI              PID   Type   Process name                        GPU Memory |
|        ID   ID                                                               Usage      |
|=========================================================================================|
|  No running processes found                                                             |
+-----------------------------------------------------------------------------------------+

------------------------------------------------------------
Sender: LSF System <lsfadmin@hpc.dtu.dk>
Subject: Job 28680298: <param_datasize> in cluster <dcc> Exited

Job <param_datasize> was submitted from host <n-62-30-2> by user <s245109> in cluster <dcc> at Tue Jun 16 23:24:06 2026
Job was executed on host(s) <4*n-62-20-3>, in queue <gpuv100>, as user <s245109> in cluster <dcc> at Tue Jun 16 23:26:08 2026
</zhome/15/2/217301> was used as the home directory.
</zhome/15/2/217301/desktop/Fagprojekt---Group-Equivariance> was used as the working directory.
Started at Tue Jun 16 23:26:08 2026
Terminated at Tue Jun 16 23:26:10 2026
Results reported at Tue Jun 16 23:26:10 2026

Your job looked like:

------------------------------------------------------------
# LSBATCH: User input
#!/bin/sh
### LSF job: parameter- and data-efficiency sweeps, GE-CNN vs CNN, multi-seed.
### Remember: set SMOKE = False in test_parameters_datasize_v2.py before submitting.
### Submit from the project root with:   bsub < src/run_param_datasize.sh
#BSUB -q gpuv100
#BSUB -J param_datasize
#BSUB -n 4
#BSUB -R "span[hosts=1]"
#BSUB -R "rusage[mem=8GB]"
#BSUB -gpu "num=1:mode=exclusive_process"
#BSUB -W 18:00
#BSUB -o reports/param_datasize/lsf_%J.out
#BSUB -e reports/param_datasize/lsf_%J.err

cd /zhome/15/2/217301/desktop/Fagprojekt---Group-Equivariance
mkdir -p reports/param_datasize

nvidia-smi || true
~/.local/bin/uv run python src/test_parameters_datasize_v2.py

------------------------------------------------------------

Exited with exit code 1.

Resource usage summary:

    CPU time :                                   0.55 sec.
    Max Memory :                                 -
    Average Memory :                             -
    Total Requested Memory :                     32768.00 MB
    Delta Memory :                               -
    Max Swap :                                   -
    Max Processes :                              -
    Max Threads :                                -
    Run time :                                   2 sec.
    Turnaround time :                            124 sec.

The output (if any) is above this job summary.



PS:

Read file <reports/param_datasize/lsf_28680298.err> for stderr output of this job.

