TRAIN_FRACTION=0.2 CHANNELS=8
Fri Jun 19 18:28:45 2026       
+-----------------------------------------------------------------------------------------+
| NVIDIA-SMI 595.71.05              Driver Version: 595.71.05      CUDA Version: 13.2     |
+-----------------------------------------+------------------------+----------------------+
| GPU  Name                 Persistence-M | Bus-Id          Disp.A | Volatile Uncorr. ECC |
| Fan  Temp   Perf          Pwr:Usage/Cap |           Memory-Usage | GPU-Util  Compute M. |
|                                         |                        |               MIG M. |
|=========================================+========================+======================|
|   0  NVIDIA A40                     On  |   00000000:B1:00.0 Off |                    0 |
|  0%   49C    P8             63W /  300W |       0MiB /  46068MiB |      0%   E. Process |
|                                         |                        |                  N/A |
+-----------------------------------------+------------------------+----------------------+

+-----------------------------------------------------------------------------------------+
| Processes:                                                                              |
|  GPU   GI   CI              PID   Type   Process name                        GPU Memory |
|        ID   ID                                                               Usage      |
|=========================================================================================|
|  No running processes found                                                             |
+-----------------------------------------------------------------------------------------+
Device: cuda | SMOKE=False | datasize=0.2 | channels=8 | seeds=[0, 1, 2, 3, 4, 5, 6, 7, 8, 9, 10, 11, 12, 13, 14] | max_epochs=100 | patience=10 | img=40
GPU: NVIDIA A40

CNN: 48,266 params (channels=8)
  [seed 0] best_epoch= 25  test_acc=0.7245  (n_train=12000)
  [seed 1] best_epoch= 17  test_acc=0.7185  (n_train=12000)
  [seed 2] best_epoch= 17  test_acc=0.7420  (n_train=12000)
  [seed 3] best_epoch= 23  test_acc=0.7300  (n_train=12000)
  [seed 4] best_epoch= 26  test_acc=0.7410  (n_train=12000)
  [seed 5] best_epoch= 17  test_acc=0.7460  (n_train=12000)
  [seed 6] best_epoch= 25  test_acc=0.7200  (n_train=12000)
  [seed 7] best_epoch= 18  test_acc=0.7215  (n_train=12000)
  [seed 8] best_epoch= 19  test_acc=0.7195  (n_train=12000)
  [seed 9] best_epoch= 20  test_acc=0.7375  (n_train=12000)
  [seed 10] best_epoch= 20  test_acc=0.7185  (n_train=12000)
  [seed 11] best_epoch= 22  test_acc=0.7340  (n_train=12000)
  [seed 12] best_epoch= 24  test_acc=0.7345  (n_train=12000)
  [seed 13] best_epoch= 20  test_acc=0.7260  (n_train=12000)
  [seed 14] best_epoch= 20  test_acc=0.7245  (n_train=12000)
  CNN: test_acc 0.7292 +/- 0.0094  ->  /zhome/15/2/217301/desktop/Fagprojekt---Group-Equivariance/reports/param_datasize_2/CNN/datasize_0.2/channels_8

GE_CNN: 101,570 params (channels=8)
  [seed 0] best_epoch= 31  test_acc=0.7385  (n_train=12000)
  [seed 1] best_epoch= 35  test_acc=0.7410  (n_train=12000)
  [seed 2] best_epoch= 80  test_acc=0.7540  (n_train=12000)
  [seed 3] best_epoch= 32  test_acc=0.7425  (n_train=12000)
  [seed 4] best_epoch= 42  test_acc=0.7520  (n_train=12000)
  [seed 5] best_epoch= 57  test_acc=0.7455  (n_train=12000)
  [seed 6] best_epoch= 48  test_acc=0.7440  (n_train=12000)

------------------------------------------------------------
Sender: LSF System <lsfadmin@hpc.dtu.dk>
Subject: Job 28700592: <pd_0.2_8> in cluster <dcc> Exited

Job <pd_0.2_8> was submitted from host <hpclogin1> by user <s245109> in cluster <dcc> at Fri Jun 19 13:18:17 2026
Job was executed on host(s) <4*n-62-18-4>, in queue <gpua40>, as user <s245109> in cluster <dcc> at Fri Jun 19 18:28:43 2026
</zhome/15/2/217301> was used as the home directory.
</zhome/15/2/217301/desktop/Fagprojekt---Group-Equivariance> was used as the working directory.
Started at Fri Jun 19 18:28:43 2026
Terminated at Fri Jun 19 19:19:20 2026
Results reported at Fri Jun 19 19:19:20 2026

Your job looked like:

------------------------------------------------------------
# LSBATCH: User input
#!/bin/sh
### Per-CELL job template for the datasize x channels grid (CNN vs GE-CNN).
### One job handles one cell: TRAIN_FRACTION and CHANNELS are set via -env at submit.
### Outputs land in reports/param_datasize_2/datasize_<f>/channels_<c>/.
### Submit ALL 30 cells with:   bash src/submit_param_datasize_v3.sh
### Or one cell manually:
###   bsub -J pd_0.05_8 \
###        -o reports/param_datasize_2/datasize_0.05/channels_8/lsf_%J.out \
###        -e reports/param_datasize_2/datasize_0.05/channels_8/lsf_%J.err \
###        -env "all, TRAIN_FRACTION=0.05, CHANNELS=8" < src/run_param_datasize_v3.sh
#BSUB -q gpuv100
#BSUB -J param_datasize_v3
#BSUB -n 4
#BSUB -R "span[hosts=1]"
#BSUB -R "rusage[mem=8GB]"
#BSUB -gpu "num=1:mode=exclusive_process"
#BSUB -W 4:00

cd /zhome/15/2/217301/desktop/Fagprojekt---Group-Equivariance
echo "TRAIN_FRACTION=${TRAIN_FRACTION:-unset} CHANNELS=${CHANNELS:-unset}"
nvidia-smi || true
~/.local/bin/uv run python src/test_parameters_datasize_v3.py

------------------------------------------------------------

TERM_RUNLIMIT: job killed after reaching LSF run time limit.
Exited with exit code 140.

Resource usage summary:

    CPU time :                                   4131.00 sec.
    Max Memory :                                 1143 MB
    Average Memory :                             1060.74 MB
    Total Requested Memory :                     32768.00 MB
    Delta Memory :                               31625.00 MB
    Max Swap :                                   -
    Max Processes :                              9
    Max Threads :                                30
    Run time :                                   3037 sec.
    Turnaround time :                            21663 sec.

The output (if any) is above this job summary.



PS:

Read file </zhome/15/2/217301/desktop/Fagprojekt---Group-Equivariance/reports/param_datasize_2/datasize_0.2/channels_8/lsf_28700592.err> for stderr output of this job.

