TRAIN_FRACTION=1.0
Wed Jun 17 00:57:05 2026       
+-----------------------------------------------------------------------------------------+
| NVIDIA-SMI 580.159.04             Driver Version: 580.159.04     CUDA Version: 13.0     |
+-----------------------------------------+------------------------+----------------------+
| GPU  Name                 Persistence-M | Bus-Id          Disp.A | Volatile Uncorr. ECC |
| Fan  Temp   Perf          Pwr:Usage/Cap |           Memory-Usage | GPU-Util  Compute M. |
|                                         |                        |               MIG M. |
|=========================================+========================+======================|
|   0  Tesla V100-PCIE-32GB           On  |   00000000:58:00.0 Off |                    0 |
| N/A   57C    P0             48W /  250W |       0MiB /  32768MiB |      0%   E. Process |
|                                         |                        |                  N/A |
+-----------------------------------------+------------------------+----------------------+

+-----------------------------------------------------------------------------------------+
| Processes:                                                                              |
|  GPU   GI   CI              PID   Type   Process name                        GPU Memory |
|        ID   ID                                                               Usage      |
|=========================================================================================|
|  No running processes found                                                             |
+-----------------------------------------------------------------------------------------+
Device: cuda, seeds=[0, 1, 2, 3, 4, 5, 6, 7, 8, 9], epochs=60
GPU: Tesla V100-PCIE-32GB

SEED 0
  [seed 0] training CNN (128,522 params)
Model finished training, test loss is 36.95376352844239, test acc: 0.1967
  [seed 0] training GE_CNN (133,234 params)
Model finished training, test loss is 3.9677944538116456, test acc: 0.468

SEED 1
  [seed 1] training CNN (128,522 params)
Model finished training, test loss is 30.185900524902344, test acc: 0.20470000000000002
  [seed 1] training GE_CNN (133,234 params)
Model finished training, test loss is 4.82668212966919, test acc: 0.4233

SEED 2
  [seed 2] training CNN (128,522 params)
Model finished training, test loss is 32.971915051269534, test acc: 0.1973
  [seed 2] training GE_CNN (133,234 params)
Model finished training, test loss is 3.9496207916259767, test acc: 0.45730000000000004

SEED 3
  [seed 3] training CNN (128,522 params)
Model finished training, test loss is 33.29531054992676, test acc: 0.19970000000000002
  [seed 3] training GE_CNN (133,234 params)
Model finished training, test loss is 4.5121332462310795, test acc: 0.4429

SEED 4
  [seed 4] training CNN (128,522 params)
Model finished training, test loss is 31.69235177001953, test acc: 0.2064
  [seed 4] training GE_CNN (133,234 params)
Model finished training, test loss is 5.34291696472168, test acc: 0.41000000000000003

SEED 5
  [seed 5] training CNN (128,522 params)
Model finished training, test loss is 33.91175351257324, test acc: 0.2054
  [seed 5] training GE_CNN (133,234 params)
Model finished training, test loss is 5.129790996551514, test acc: 0.4298

SEED 6
  [seed 6] training CNN (128,522 params)
Model finished training, test loss is 33.51952989196778, test acc: 0.1963
  [seed 6] training GE_CNN (133,234 params)
Model finished training, test loss is 4.9629758365631105, test acc: 0.4506

SEED 7
  [seed 7] training CNN (128,522 params)
Model finished training, test loss is 30.442885885620118, test acc: 0.2028
  [seed 7] training GE_CNN (133,234 params)
Model finished training, test loss is 5.055069889068604, test acc: 0.44160000000000005

SEED 8
  [seed 8] training CNN (128,522 params)
Model finished training, test loss is 35.295259817504885, test acc: 0.1962
  [seed 8] training GE_CNN (133,234 params)
Model finished training, test loss is 5.283773377227783, test acc: 0.42250000000000004

SEED 9
  [seed 9] training CNN (128,522 params)
Model finished training, test loss is 35.56046864624024, test acc: 0.19
  [seed 9] training GE_CNN (133,234 params)
Model finished training, test loss is 4.122883213043213, test acc: 0.46

Aggregate (mean +/- std over seeds)
  CNN     train_acc        0.9929 +/- 0.0011
  CNN     test_rot_acc     0.1995 +/- 0.0052
  CNN     test_unrot_acc   0.9159 +/- 0.0024
  GE_CNN  train_acc        0.9378 +/- 0.0030
  GE_CNN  test_rot_acc     0.4406 +/- 0.0188
  GE_CNN  test_unrot_acc   0.8783 +/- 0.0075

All outputs written to /zhome/15/2/217301/desktop/Fagprojekt---Group-Equivariance/reports/unrot_rot/frac_1.0
  aggregate.json
  aggregate.pt
  final_accuracy_bars.png
  learning_curves.png
  lsf_28680365.err
  lsf_28680365.out
  robustness_gap.png

------------------------------------------------------------
Sender: LSF System <lsfadmin@hpc.dtu.dk>
Subject: Job 28680365: <ur_1.0> in cluster <dcc> Done

Job <ur_1.0> was submitted from host <n-62-30-2> by user <s245109> in cluster <dcc> at Tue Jun 16 23:47:57 2026
Job was executed on host(s) <4*n-62-20-13>, in queue <gpuv100>, as user <s245109> in cluster <dcc> at Wed Jun 17 00:57:03 2026
</zhome/15/2/217301> was used as the home directory.
</zhome/15/2/217301/desktop/Fagprojekt---Group-Equivariance> was used as the working directory.
Started at Wed Jun 17 00:57:03 2026
Terminated at Wed Jun 17 07:02:57 2026
Results reported at Wed Jun 17 07:02:57 2026

Your job looked like:

------------------------------------------------------------
# LSBATCH: User input
#!/bin/sh
### Train-unrot / test-rot DATASIZE SWEEP: one job per TRAIN_FRACTION (set via env at submit).
### Outputs land in reports/unrot_rot/frac_<f>/ (PNGs, aggregate.json/pt, LSF logs).
### GE-CNN is param-matched to CNN (l=3, ch=8, rings=4 ~ 133k ~ CNN ch=16 128k).
### Submit ALL fractions with:   bash src/submit_unrot_rot_frac.sh
### Or one fraction manually:
###   bsub -J ur_0.05 -o reports/unrot_rot/frac_0.05/lsf_%J.out \
###        -e reports/unrot_rot/frac_0.05/lsf_%J.err \
###        -env "all, TRAIN_FRACTION=0.05" < src/run_unrot_rot_frac.sh
#BSUB -q gpuv100
#BSUB -J unrot_rot_frac
#BSUB -n 4
#BSUB -R "span[hosts=1]"
#BSUB -R "rusage[mem=8GB]"
#BSUB -gpu "num=1:mode=exclusive_process"
#BSUB -W 24:00

cd /zhome/15/2/217301/desktop/Fagprojekt---Group-Equivariance
echo "TRAIN_FRACTION=${TRAIN_FRACTION:-unset}"
nvidia-smi || true
~/.local/bin/uv run python src/train_unrot_test_rot.py

------------------------------------------------------------

Successfully completed.

Resource usage summary:

    CPU time :                                   21991.00 sec.
    Max Memory :                                 1319 MB
    Average Memory :                             1286.07 MB
    Total Requested Memory :                     32768.00 MB
    Delta Memory :                               31449.00 MB
    Max Swap :                                   -
    Max Processes :                              5
    Max Threads :                                13
    Run time :                                   21954 sec.
    Turnaround time :                            26100 sec.

The output (if any) is above this job summary.



PS:

Read file </zhome/15/2/217301/desktop/Fagprojekt---Group-Equivariance/reports/unrot_rot/frac_1.0/lsf_28680365.err> for stderr output of this job.

