TRAIN_FRACTION=0.05 CHANNELS=2
Wed Jun 17 23:39:39 2026       
+-----------------------------------------------------------------------------------------+
| NVIDIA-SMI 595.71.05              Driver Version: 595.71.05      CUDA Version: 13.2     |
+-----------------------------------------+------------------------+----------------------+
| GPU  Name                 Persistence-M | Bus-Id          Disp.A | Volatile Uncorr. ECC |
| Fan  Temp   Perf          Pwr:Usage/Cap |           Memory-Usage | GPU-Util  Compute M. |
|                                         |                        |               MIG M. |
|=========================================+========================+======================|
|   0  NVIDIA L40S                    On  |   00000000:A1:00.0 Off |                    0 |
| N/A   38C    P0             67W /  350W |       0MiB /  46068MiB |      0%   E. Process |
|                                         |                        |                  N/A |
+-----------------------------------------+------------------------+----------------------+

+-----------------------------------------------------------------------------------------+
| Processes:                                                                              |
|  GPU   GI   CI              PID   Type   Process name                        GPU Memory |
|        ID   ID                                                               Usage      |
|=========================================================================================|
|  No running processes found                                                             |
+-----------------------------------------------------------------------------------------+
Device: cuda | SMOKE=False | datasize=0.05 | channels=2 | seeds=[0, 1, 2, 3, 4, 5, 6, 7, 8, 9, 10, 11, 12, 13, 14] | max_epochs=100 | patience=10 | img=40
GPU: NVIDIA L40S

CNN: 9,074 params (channels=2)
  [seed 0] best_epoch= 33  test_acc=0.5845  (n_train=3000)
  [seed 1] best_epoch= 37  test_acc=0.5905  (n_train=3000)
  [seed 2] best_epoch= 35  test_acc=0.6050  (n_train=3000)
  [seed 3] best_epoch= 37  test_acc=0.5890  (n_train=3000)
  [seed 4] best_epoch= 48  test_acc=0.5850  (n_train=3000)
  [seed 5] best_epoch= 35  test_acc=0.5775  (n_train=3000)
  [seed 6] best_epoch= 44  test_acc=0.5810  (n_train=3000)
  [seed 7] best_epoch= 44  test_acc=0.5970  (n_train=3000)
  [seed 8] best_epoch= 47  test_acc=0.6035  (n_train=3000)
  [seed 9] best_epoch= 44  test_acc=0.6075  (n_train=3000)
  [seed 10] best_epoch= 47  test_acc=0.5935  (n_train=3000)
  [seed 11] best_epoch= 36  test_acc=0.6030  (n_train=3000)
  [seed 12] best_epoch= 50  test_acc=0.5880  (n_train=3000)
  [seed 13] best_epoch= 26  test_acc=0.6095  (n_train=3000)
  [seed 14] best_epoch= 36  test_acc=0.5710  (n_train=3000)
  CNN: test_acc 0.5924 +/- 0.0116  ->  /zhome/15/2/217301/desktop/Fagprojekt---Group-Equivariance/reports/param_datasize_2/CNN/datasize_0.05/channels_2

GE_CNN: 7,400 params (channels=2)
  [seed 0] best_epoch= 70  test_acc=0.6745  (n_train=3000)
  [seed 1] best_epoch= 39  test_acc=0.6365  (n_train=3000)
  [seed 2] best_epoch=100  test_acc=0.6660  (n_train=3000)
  [seed 3] best_epoch= 71  test_acc=0.6620  (n_train=3000)
  [seed 4] best_epoch= 80  test_acc=0.6485  (n_train=3000)
  [seed 5] best_epoch= 52  test_acc=0.6520  (n_train=3000)
  [seed 6] best_epoch= 98  test_acc=0.6630  (n_train=3000)
  [seed 7] best_epoch= 88  test_acc=0.6545  (n_train=3000)
  [seed 8] best_epoch= 50  test_acc=0.6375  (n_train=3000)
  [seed 9] best_epoch= 50  test_acc=0.6440  (n_train=3000)
  [seed 10] best_epoch= 45  test_acc=0.6535  (n_train=3000)
  [seed 11] best_epoch= 68  test_acc=0.6560  (n_train=3000)
  [seed 12] best_epoch= 57  test_acc=0.6490  (n_train=3000)
  [seed 13] best_epoch= 64  test_acc=0.6420  (n_train=3000)
  [seed 14] best_epoch= 56  test_acc=0.6320  (n_train=3000)
  GE_CNN: test_acc 0.6514 +/- 0.0119  ->  /zhome/15/2/217301/desktop/Fagprojekt---Group-Equivariance/reports/param_datasize_2/GE_CNN/datasize_0.05/channels_2

Done. Cell datasize_0.05/channels_2 outputs under /zhome/15/2/217301/desktop/Fagprojekt---Group-Equivariance/reports/param_datasize_2/<MODEL>/

------------------------------------------------------------
Sender: LSF System <lsfadmin@hpc.dtu.dk>
Subject: Job 28682911: <pd_0.05_2> in cluster <dcc> Done

Job <pd_0.05_2> was submitted from host <n-62-30-4> by user <s245109> in cluster <dcc> at Wed Jun 17 14:36:28 2026
Job was executed on host(s) <4*n-62-13-17>, in queue <gpul40s>, as user <s245109> in cluster <dcc> at Wed Jun 17 23:39:37 2026
</zhome/15/2/217301> was used as the home directory.
</zhome/15/2/217301/desktop/Fagprojekt---Group-Equivariance> was used as the working directory.
Started at Wed Jun 17 23:39:37 2026
Terminated at Wed Jun 17 23:56:28 2026
Results reported at Wed Jun 17 23:56:28 2026

Your job looked like:

------------------------------------------------------------
# LSBATCH: User input
#!/bin/sh
### Per-CELL job template for the datasize x channels grid (CNN vs GE-CNN).
### One job handles one cell: TRAIN_FRACTION and CHANNELS are set via -env at submit.
### Outputs land in reports/param_datasize_2/datasize_<f>/channels_<c>/.
### Submit ALL 30 cells with:   bash src/submit_param_datasize_v3.sh
### Or one cell manually:
###   bsub -J pd_0.05_8 \
###        -o reports/param_datasize_2/datasize_0.05/channels_8/lsf_%J.out \
###        -e reports/param_datasize_2/datasize_0.05/channels_8/lsf_%J.err \
###        -env "all, TRAIN_FRACTION=0.05, CHANNELS=8" < src/run_param_datasize_v3.sh
#BSUB -q gpuv100
#BSUB -J param_datasize_v3
#BSUB -n 4
#BSUB -R "span[hosts=1]"
#BSUB -R "rusage[mem=8GB]"
#BSUB -gpu "num=1:mode=exclusive_process"
#BSUB -W 4:00

cd /zhome/15/2/217301/desktop/Fagprojekt---Group-Equivariance
echo "TRAIN_FRACTION=${TRAIN_FRACTION:-unset} CHANNELS=${CHANNELS:-unset}"
nvidia-smi || true
~/.local/bin/uv run python src/test_parameters_datasize_v3.py

------------------------------------------------------------

Successfully completed.

Resource usage summary:

    CPU time :                                   2787.00 sec.
    Max Memory :                                 1103 MB
    Average Memory :                             1021.10 MB
    Total Requested Memory :                     32768.00 MB
    Delta Memory :                               31665.00 MB
    Max Swap :                                   -
    Max Processes :                              9
    Max Threads :                                30
    Run time :                                   1011 sec.
    Turnaround time :                            33600 sec.

The output (if any) is above this job summary.



PS:

Read file </zhome/15/2/217301/desktop/Fagprojekt---Group-Equivariance/reports/param_datasize_2/datasize_0.05/channels_2/lsf_28682911.err> for stderr output of this job.

