TRAIN_FRACTION=0.03 CHANNELS=2
Wed Jun 17 18:16:37 2026       
+-----------------------------------------------------------------------------------------+
| NVIDIA-SMI 595.71.05              Driver Version: 595.71.05      CUDA Version: 13.2     |
+-----------------------------------------+------------------------+----------------------+
| GPU  Name                 Persistence-M | Bus-Id          Disp.A | Volatile Uncorr. ECC |
| Fan  Temp   Perf          Pwr:Usage/Cap |           Memory-Usage | GPU-Util  Compute M. |
|                                         |                        |               MIG M. |
|=========================================+========================+======================|
|   0  NVIDIA L40S                    On  |   00000000:A1:00.0 Off |                    0 |
| N/A   55C    P0             72W /  350W |       0MiB /  46068MiB |      0%   E. Process |
|                                         |                        |                  N/A |
+-----------------------------------------+------------------------+----------------------+

+-----------------------------------------------------------------------------------------+
| Processes:                                                                              |
|  GPU   GI   CI              PID   Type   Process name                        GPU Memory |
|        ID   ID                                                               Usage      |
|=========================================================================================|
|  No running processes found                                                             |
+-----------------------------------------------------------------------------------------+
Device: cuda | SMOKE=False | datasize=0.03 | channels=2 | seeds=[0, 1, 2, 3, 4, 5, 6, 7, 8, 9, 10, 11, 12, 13, 14] | max_epochs=100 | patience=10 | img=40
GPU: NVIDIA L40S

CNN: 9,074 params (channels=2)
  [seed 0] best_epoch= 40  test_acc=0.5515  (n_train=1800)
  [seed 1] best_epoch= 50  test_acc=0.5575  (n_train=1800)
  [seed 2] best_epoch= 71  test_acc=0.5520  (n_train=1800)
  [seed 3] best_epoch= 30  test_acc=0.5560  (n_train=1800)
  [seed 4] best_epoch= 44  test_acc=0.5415  (n_train=1800)
  [seed 5] best_epoch= 58  test_acc=0.5450  (n_train=1800)
  [seed 6] best_epoch= 48  test_acc=0.5860  (n_train=1800)
  [seed 7] best_epoch= 61  test_acc=0.5515  (n_train=1800)
  [seed 8] best_epoch= 62  test_acc=0.5645  (n_train=1800)
  [seed 9] best_epoch= 42  test_acc=0.5535  (n_train=1800)
  [seed 10] best_epoch= 32  test_acc=0.5485  (n_train=1800)
  [seed 11] best_epoch= 48  test_acc=0.5145  (n_train=1800)
  [seed 12] best_epoch= 42  test_acc=0.5560  (n_train=1800)
  [seed 13] best_epoch= 48  test_acc=0.5515  (n_train=1800)
  [seed 14] best_epoch= 66  test_acc=0.5455  (n_train=1800)
  CNN: test_acc 0.5517 +/- 0.0146  ->  /zhome/15/2/217301/desktop/Fagprojekt---Group-Equivariance/reports/param_datasize_2/CNN/datasize_0.03/channels_2

GE_CNN: 7,400 params (channels=2)
  [seed 0] best_epoch= 84  test_acc=0.6270  (n_train=1800)
  [seed 1] best_epoch= 28  test_acc=0.5325  (n_train=1800)
  [seed 2] best_epoch= 62  test_acc=0.6105  (n_train=1800)
  [seed 3] best_epoch= 70  test_acc=0.6315  (n_train=1800)
  [seed 4] best_epoch= 32  test_acc=0.5460  (n_train=1800)
  [seed 5] best_epoch= 45  test_acc=0.6015  (n_train=1800)
  [seed 6] best_epoch= 46  test_acc=0.6045  (n_train=1800)
  [seed 7] best_epoch= 51  test_acc=0.6045  (n_train=1800)
  [seed 8] best_epoch= 38  test_acc=0.5720  (n_train=1800)
  [seed 9] best_epoch= 55  test_acc=0.6175  (n_train=1800)
  [seed 10] best_epoch= 32  test_acc=0.5580  (n_train=1800)
  [seed 11] best_epoch= 31  test_acc=0.5940  (n_train=1800)
  [seed 12] best_epoch= 66  test_acc=0.6290  (n_train=1800)
  [seed 13] best_epoch= 41  test_acc=0.5910  (n_train=1800)
  [seed 14] best_epoch= 78  test_acc=0.6325  (n_train=1800)
  GE_CNN: test_acc 0.5968 +/- 0.0317  ->  /zhome/15/2/217301/desktop/Fagprojekt---Group-Equivariance/reports/param_datasize_2/GE_CNN/datasize_0.03/channels_2

Done. Cell datasize_0.03/channels_2 outputs under /zhome/15/2/217301/desktop/Fagprojekt---Group-Equivariance/reports/param_datasize_2/<MODEL>/

------------------------------------------------------------
Sender: LSF System <lsfadmin@hpc.dtu.dk>
Subject: Job 28682906: <pd_0.03_2> in cluster <dcc> Done

Job <pd_0.03_2> was submitted from host <n-62-30-4> by user <s245109> in cluster <dcc> at Wed Jun 17 14:36:25 2026
Job was executed on host(s) <4*n-62-13-18>, in queue <gpul40s>, as user <s245109> in cluster <dcc> at Wed Jun 17 18:16:35 2026
</zhome/15/2/217301> was used as the home directory.
</zhome/15/2/217301/desktop/Fagprojekt---Group-Equivariance> was used as the working directory.
Started at Wed Jun 17 18:16:35 2026
Terminated at Wed Jun 17 18:30:04 2026
Results reported at Wed Jun 17 18:30:04 2026

Your job looked like:

------------------------------------------------------------
# LSBATCH: User input
#!/bin/sh
### Per-CELL job template for the datasize x channels grid (CNN vs GE-CNN).
### One job handles one cell: TRAIN_FRACTION and CHANNELS are set via -env at submit.
### Outputs land in reports/param_datasize_2/datasize_<f>/channels_<c>/.
### Submit ALL 30 cells with:   bash src/submit_param_datasize_v3.sh
### Or one cell manually:
###   bsub -J pd_0.05_8 \
###        -o reports/param_datasize_2/datasize_0.05/channels_8/lsf_%J.out \
###        -e reports/param_datasize_2/datasize_0.05/channels_8/lsf_%J.err \
###        -env "all, TRAIN_FRACTION=0.05, CHANNELS=8" < src/run_param_datasize_v3.sh
#BSUB -q gpuv100
#BSUB -J param_datasize_v3
#BSUB -n 4
#BSUB -R "span[hosts=1]"
#BSUB -R "rusage[mem=8GB]"
#BSUB -gpu "num=1:mode=exclusive_process"
#BSUB -W 4:00

cd /zhome/15/2/217301/desktop/Fagprojekt---Group-Equivariance
echo "TRAIN_FRACTION=${TRAIN_FRACTION:-unset} CHANNELS=${CHANNELS:-unset}"
nvidia-smi || true
~/.local/bin/uv run python src/test_parameters_datasize_v3.py

------------------------------------------------------------

Successfully completed.

Resource usage summary:

    CPU time :                                   2394.00 sec.
    Max Memory :                                 1123 MB
    Average Memory :                             1024.71 MB
    Total Requested Memory :                     32768.00 MB
    Delta Memory :                               31645.00 MB
    Max Swap :                                   -
    Max Processes :                              9
    Max Threads :                                30
    Run time :                                   809 sec.
    Turnaround time :                            14019 sec.

The output (if any) is above this job summary.



PS:

Read file </zhome/15/2/217301/desktop/Fagprojekt---Group-Equivariance/reports/param_datasize_2/datasize_0.03/channels_2/lsf_28682906.err> for stderr output of this job.

