TRAIN_FRACTION=0.005 CHANNELS=32
Wed Jun 17 13:24:09 2026       
+-----------------------------------------------------------------------------------------+
| NVIDIA-SMI 580.159.04             Driver Version: 580.159.04     CUDA Version: 13.0     |
+-----------------------------------------+------------------------+----------------------+
| GPU  Name                 Persistence-M | Bus-Id          Disp.A | Volatile Uncorr. ECC |
| Fan  Temp   Perf          Pwr:Usage/Cap |           Memory-Usage | GPU-Util  Compute M. |
|                                         |                        |               MIG M. |
|=========================================+========================+======================|
|   0  Tesla V100-PCIE-32GB           On  |   00000000:D8:00.0 Off |                    0 |
| N/A   40C    P0             26W /  250W |       0MiB /  32768MiB |      0%   E. Process |
|                                         |                        |                  N/A |
+-----------------------------------------+------------------------+----------------------+

+-----------------------------------------------------------------------------------------+
| Processes:                                                                              |
|  GPU   GI   CI              PID   Type   Process name                        GPU Memory |
|        ID   ID                                                               Usage      |
|=========================================================================================|
|  No running processes found                                                             |
+-----------------------------------------------------------------------------------------+
Device: cuda | SMOKE=False | datasize=0.005 | channels=32 | seeds=[0, 1, 2, 3, 4, 5, 6, 7, 8, 9, 10, 11, 12, 13, 14] | max_epochs=100 | patience=10 | img=40
GPU: Tesla V100-PCIE-32GB

CNN: 385,034 params (channels=32)
  [seed 0] best_epoch=  9  test_acc=0.3864  (n_train=300)
  [seed 1] best_epoch= 11  test_acc=0.3878  (n_train=300)
  [seed 2] best_epoch= 11  test_acc=0.4043  (n_train=300)
  [seed 3] best_epoch= 13  test_acc=0.4247  (n_train=300)
  [seed 4] best_epoch= 13  test_acc=0.4041  (n_train=300)
  [seed 5] best_epoch= 11  test_acc=0.3683  (n_train=300)
  [seed 6] best_epoch= 13  test_acc=0.4039  (n_train=300)
  [seed 7] best_epoch= 15  test_acc=0.4244  (n_train=300)
  [seed 8] best_epoch= 15  test_acc=0.4524  (n_train=300)
  [seed 9] best_epoch= 15  test_acc=0.4535  (n_train=300)
  [seed 10] best_epoch= 12  test_acc=0.4343  (n_train=300)
  [seed 11] best_epoch= 14  test_acc=0.4311  (n_train=300)
  [seed 12] best_epoch= 13  test_acc=0.4286  (n_train=300)
  [seed 13] best_epoch= 15  test_acc=0.4274  (n_train=300)
  [seed 14] best_epoch= 14  test_acc=0.4279  (n_train=300)
  CNN: test_acc 0.4173 +/- 0.0242  ->  /zhome/15/2/217301/desktop/Fagprojekt---Group-Equivariance/reports/param_datasize_2/CNN/datasize_0.005/channels_32

GE_CNN: 1,558,250 params (channels=32)
  [seed 0] best_epoch= 34  test_acc=0.4579  (n_train=300)
  [seed 1] best_epoch= 57  test_acc=0.5496  (n_train=300)
  [seed 2] best_epoch= 35  test_acc=0.4810  (n_train=300)
  [seed 3] best_epoch= 49  test_acc=0.5119  (n_train=300)
  [seed 4] best_epoch= 54  test_acc=0.5531  (n_train=300)
  [seed 5] best_epoch= 32  test_acc=0.4649  (n_train=300)
  [seed 6] best_epoch= 33  test_acc=0.4362  (n_train=300)
  [seed 7] best_epoch= 43  test_acc=0.5169  (n_train=300)
  [seed 8] best_epoch= 24  test_acc=0.4560  (n_train=300)

------------------------------------------------------------
Sender: LSF System <lsfadmin@hpc.dtu.dk>
Subject: Job 28682266: <pd_0.005_32> in cluster <dcc> Exited

Job <pd_0.005_32> was submitted from host <n-62-27-20> by user <s245109> in cluster <dcc> at Wed Jun 17 12:55:42 2026
Job was executed on host(s) <4*n-62-11-16>, in queue <gpuv100>, as user <s245109> in cluster <dcc> at Wed Jun 17 13:24:07 2026
</zhome/15/2/217301> was used as the home directory.
</zhome/15/2/217301/desktop/Fagprojekt---Group-Equivariance> was used as the working directory.
Started at Wed Jun 17 13:24:07 2026
Terminated at Wed Jun 17 13:38:38 2026
Results reported at Wed Jun 17 13:38:38 2026

Your job looked like:

------------------------------------------------------------
# LSBATCH: User input
#!/bin/sh
### Per-CELL job template for the datasize x channels grid (CNN vs GE-CNN).
### One job handles one cell: TRAIN_FRACTION and CHANNELS are set via -env at submit.
### Outputs land in reports/param_datasize_2/datasize_<f>/channels_<c>/.
### Submit ALL 30 cells with:   bash src/submit_param_datasize_v3.sh
### Or one cell manually:
###   bsub -J pd_0.05_8 \
###        -o reports/param_datasize_2/datasize_0.05/channels_8/lsf_%J.out \
###        -e reports/param_datasize_2/datasize_0.05/channels_8/lsf_%J.err \
###        -env "all, TRAIN_FRACTION=0.05, CHANNELS=8" < src/run_param_datasize_v3.sh
#BSUB -q gpuv100
#BSUB -J param_datasize_v3
#BSUB -n 4
#BSUB -R "span[hosts=1]"
#BSUB -R "rusage[mem=8GB]"
#BSUB -gpu "num=1:mode=exclusive_process"
#BSUB -W 4:00

cd /zhome/15/2/217301/desktop/Fagprojekt---Group-Equivariance
echo "TRAIN_FRACTION=${TRAIN_FRACTION:-unset} CHANNELS=${CHANNELS:-unset}"
nvidia-smi || true
~/.local/bin/uv run python src/test_parameters_datasize_v3.py

------------------------------------------------------------

TERM_RUNLIMIT: job killed after reaching LSF run time limit.
Exited with exit code 140.

Resource usage summary:

    CPU time :                                   1021.00 sec.
    Max Memory :                                 1198 MB
    Average Memory :                             1125.78 MB
    Total Requested Memory :                     32768.00 MB
    Delta Memory :                               31570.00 MB
    Max Swap :                                   -
    Max Processes :                              9
    Max Threads :                                29
    Run time :                                   871 sec.
    Turnaround time :                            2576 sec.

The output (if any) is above this job summary.



PS:

Read file </zhome/15/2/217301/desktop/Fagprojekt---Group-Equivariance/reports/param_datasize_2/datasize_0.005/channels_32/lsf_28682266.err> for stderr output of this job.

