TRAIN_FRACTION=0.1
Tue Jun 16 23:57:56 2026       
+-----------------------------------------------------------------------------------------+
| NVIDIA-SMI 580.159.04             Driver Version: 580.159.04     CUDA Version: 13.0     |
+-----------------------------------------+------------------------+----------------------+
| GPU  Name                 Persistence-M | Bus-Id          Disp.A | Volatile Uncorr. ECC |
| Fan  Temp   Perf          Pwr:Usage/Cap |           Memory-Usage | GPU-Util  Compute M. |
|                                         |                        |               MIG M. |
|=========================================+========================+======================|
|   0  Tesla V100-PCIE-32GB           On  |   00000000:58:00.0 Off |                    0 |
| N/A   38C    P0             28W /  250W |       0MiB /  32768MiB |      0%   E. Process |
|                                         |                        |                  N/A |
+-----------------------------------------+------------------------+----------------------+

+-----------------------------------------------------------------------------------------+
| Processes:                                                                              |
|  GPU   GI   CI              PID   Type   Process name                        GPU Memory |
|        ID   ID                                                               Usage      |
|=========================================================================================|
|  No running processes found                                                             |
+-----------------------------------------------------------------------------------------+
Device: cuda, seeds=[0, 1, 2, 3, 4, 5, 6, 7, 8, 9], epochs=60
GPU: Tesla V100-PCIE-32GB

SEED 0
  [seed 0] training CNN (128,522 params)
Model finished training, test loss is 22.250876351928714, test acc: 0.19490000000000002
  [seed 0] training GE_CNN (133,234 params)
Model finished training, test loss is 5.249023183441162, test acc: 0.40140000000000003

SEED 1
  [seed 1] training CNN (128,522 params)
Model finished training, test loss is 23.270326834106445, test acc: 0.2023
  [seed 1] training GE_CNN (133,234 params)
Model finished training, test loss is 4.673678562164307, test acc: 0.4136

SEED 2
  [seed 2] training CNN (128,522 params)
Model finished training, test loss is 22.30053851928711, test acc: 0.1971
  [seed 2] training GE_CNN (133,234 params)
Model finished training, test loss is 5.885889878845215, test acc: 0.38370000000000004

SEED 3
  [seed 3] training CNN (128,522 params)
Model finished training, test loss is 23.07402713928223, test acc: 0.1928
  [seed 3] training GE_CNN (133,234 params)
Model finished training, test loss is 4.890101657104492, test acc: 0.4011

SEED 4
  [seed 4] training CNN (128,522 params)
Model finished training, test loss is 22.534471203613283, test acc: 0.2024
  [seed 4] training GE_CNN (133,234 params)
Model finished training, test loss is 5.535690517425538, test acc: 0.39990000000000003

SEED 5
  [seed 5] training CNN (128,522 params)
Model finished training, test loss is 24.422775051879885, test acc: 0.1902
  [seed 5] training GE_CNN (133,234 params)
Model finished training, test loss is 5.35941202545166, test acc: 0.38530000000000003

SEED 6
  [seed 6] training CNN (128,522 params)
Model finished training, test loss is 23.18341651916504, test acc: 0.19340000000000002
  [seed 6] training GE_CNN (133,234 params)
Model finished training, test loss is 5.474662928771973, test acc: 0.405

SEED 7
  [seed 7] training CNN (128,522 params)
Model finished training, test loss is 23.47445559692383, test acc: 0.1962
  [seed 7] training GE_CNN (133,234 params)
Model finished training, test loss is 4.598770378875733, test acc: 0.41440000000000005

SEED 8
  [seed 8] training CNN (128,522 params)
Model finished training, test loss is 24.15738218994141, test acc: 0.1917
  [seed 8] training GE_CNN (133,234 params)
Model finished training, test loss is 5.7888904983520515, test acc: 0.39

SEED 9
  [seed 9] training CNN (128,522 params)
Model finished training, test loss is 24.22611056213379, test acc: 0.1945
  [seed 9] training GE_CNN (133,234 params)
Model finished training, test loss is 4.569857949066162, test acc: 0.3981

Aggregate (mean +/- std over seeds)
  CNN     train_acc        0.9922 +/- 0.0031
  CNN     test_rot_acc     0.1956 +/- 0.0041
  CNN     test_unrot_acc   0.8658 +/- 0.0039
  GE_CNN  train_acc        0.8856 +/- 0.0126
  GE_CNN  test_rot_acc     0.3993 +/- 0.0105
  GE_CNN  test_unrot_acc   0.7697 +/- 0.0218

All outputs written to /zhome/15/2/217301/desktop/Fagprojekt---Group-Equivariance/reports/unrot_rot/frac_0.1
  aggregate.json
  aggregate.pt
  final_accuracy_bars.png
  learning_curves.png
  lsf_28680363.err
  lsf_28680363.out
  robustness_gap.png

------------------------------------------------------------
Sender: LSF System <lsfadmin@hpc.dtu.dk>
Subject: Job 28680363: <ur_0.1> in cluster <dcc> Done

Job <ur_0.1> was submitted from host <n-62-30-2> by user <s245109> in cluster <dcc> at Tue Jun 16 23:47:56 2026
Job was executed on host(s) <4*n-62-20-16>, in queue <gpuv100>, as user <s245109> in cluster <dcc> at Tue Jun 16 23:57:54 2026
</zhome/15/2/217301> was used as the home directory.
</zhome/15/2/217301/desktop/Fagprojekt---Group-Equivariance> was used as the working directory.
Started at Tue Jun 16 23:57:54 2026
Terminated at Wed Jun 17 00:57:51 2026
Results reported at Wed Jun 17 00:57:51 2026

Your job looked like:

------------------------------------------------------------
# LSBATCH: User input
#!/bin/sh
### Train-unrot / test-rot DATASIZE SWEEP: one job per TRAIN_FRACTION (set via env at submit).
### Outputs land in reports/unrot_rot/frac_<f>/ (PNGs, aggregate.json/pt, LSF logs).
### GE-CNN is param-matched to CNN (l=3, ch=8, rings=4 ~ 133k ~ CNN ch=16 128k).
### Submit ALL fractions with:   bash src/submit_unrot_rot_frac.sh
### Or one fraction manually:
###   bsub -J ur_0.05 -o reports/unrot_rot/frac_0.05/lsf_%J.out \
###        -e reports/unrot_rot/frac_0.05/lsf_%J.err \
###        -env "all, TRAIN_FRACTION=0.05" < src/run_unrot_rot_frac.sh
#BSUB -q gpuv100
#BSUB -J unrot_rot_frac
#BSUB -n 4
#BSUB -R "span[hosts=1]"
#BSUB -R "rusage[mem=8GB]"
#BSUB -gpu "num=1:mode=exclusive_process"
#BSUB -W 24:00

cd /zhome/15/2/217301/desktop/Fagprojekt---Group-Equivariance
echo "TRAIN_FRACTION=${TRAIN_FRACTION:-unset}"
nvidia-smi || true
~/.local/bin/uv run python src/train_unrot_test_rot.py

------------------------------------------------------------

Successfully completed.

Resource usage summary:

    CPU time :                                   3595.00 sec.
    Max Memory :                                 1128 MB
    Average Memory :                             1015.11 MB
    Total Requested Memory :                     32768.00 MB
    Delta Memory :                               31640.00 MB
    Max Swap :                                   -
    Max Processes :                              5
    Max Threads :                                13
    Run time :                                   3597 sec.
    Turnaround time :                            4195 sec.

The output (if any) is above this job summary.



PS:

Read file </zhome/15/2/217301/desktop/Fagprojekt---Group-Equivariance/reports/unrot_rot/frac_0.1/lsf_28680363.err> for stderr output of this job.

