TRAIN_FRACTION=0.01 CHANNELS=4
Wed Jun 17 13:38:41 2026       
+-----------------------------------------------------------------------------------------+
| NVIDIA-SMI 580.159.04             Driver Version: 580.159.04     CUDA Version: 13.0     |
+-----------------------------------------+------------------------+----------------------+
| GPU  Name                 Persistence-M | Bus-Id          Disp.A | Volatile Uncorr. ECC |
| Fan  Temp   Perf          Pwr:Usage/Cap |           Memory-Usage | GPU-Util  Compute M. |
|                                         |                        |               MIG M. |
|=========================================+========================+======================|
|   0  Tesla V100-PCIE-32GB           On  |   00000000:D8:00.0 Off |                    0 |
| N/A   43C    P0             27W /  250W |       0MiB /  32768MiB |      0%   E. Process |
|                                         |                        |                  N/A |
+-----------------------------------------+------------------------+----------------------+

+-----------------------------------------------------------------------------------------+
| Processes:                                                                              |
|  GPU   GI   CI              PID   Type   Process name                        GPU Memory |
|        ID   ID                                                               Usage      |
|=========================================================================================|
|  No running processes found                                                             |
+-----------------------------------------------------------------------------------------+
Device: cuda | SMOKE=False | datasize=0.01 | channels=4 | seeds=[0, 1, 2, 3, 4, 5, 6, 7, 8, 9, 10, 11, 12, 13, 14] | max_epochs=100 | patience=10 | img=40
GPU: Tesla V100-PCIE-32GB

CNN: 20,138 params (channels=4)
  [seed 0] best_epoch= 26  test_acc=0.4821  (n_train=600)
  [seed 1] best_epoch= 43  test_acc=0.5110  (n_train=600)
  [seed 2] best_epoch= 24  test_acc=0.5106  (n_train=600)
  [seed 3] best_epoch= 32  test_acc=0.5028  (n_train=600)
  [seed 4] best_epoch= 25  test_acc=0.4602  (n_train=600)
  [seed 5] best_epoch= 22  test_acc=0.4971  (n_train=600)
  [seed 6] best_epoch= 28  test_acc=0.4734  (n_train=600)
  [seed 7] best_epoch= 33  test_acc=0.4824  (n_train=600)
  [seed 8] best_epoch= 26  test_acc=0.4972  (n_train=600)
  [seed 9] best_epoch= 30  test_acc=0.4972  (n_train=600)
  [seed 10] best_epoch= 20  test_acc=0.4670  (n_train=600)
  [seed 11] best_epoch= 26  test_acc=0.5003  (n_train=600)
  [seed 12] best_epoch= 48  test_acc=0.4904  (n_train=600)
  [seed 13] best_epoch= 33  test_acc=0.4962  (n_train=600)
  [seed 14] best_epoch= 23  test_acc=0.5025  (n_train=600)
  CNN: test_acc 0.4914 +/- 0.0153  ->  /zhome/15/2/217301/desktop/Fagprojekt---Group-Equivariance/reports/param_datasize_2/CNN/datasize_0.01/channels_4

GE_CNN: 26,790 params (channels=4)
  [seed 0] best_epoch= 57  test_acc=0.5719  (n_train=600)
  [seed 1] best_epoch= 51  test_acc=0.5887  (n_train=600)
  [seed 2] best_epoch= 37  test_acc=0.5663  (n_train=600)
  [seed 3] best_epoch= 52  test_acc=0.5970  (n_train=600)
  [seed 4] best_epoch= 45  test_acc=0.5522  (n_train=600)
  [seed 5] best_epoch= 51  test_acc=0.5909  (n_train=600)
  [seed 6] best_epoch= 69  test_acc=0.6122  (n_train=600)
  [seed 7] best_epoch= 53  test_acc=0.5914  (n_train=600)
  [seed 8] best_epoch= 35  test_acc=0.5392  (n_train=600)
  [seed 9] best_epoch= 51  test_acc=0.5480  (n_train=600)
  [seed 10] best_epoch= 56  test_acc=0.5894  (n_train=600)
  [seed 11] best_epoch= 62  test_acc=0.5705  (n_train=600)
  [seed 12] best_epoch= 36  test_acc=0.5833  (n_train=600)
  [seed 13] best_epoch= 48  test_acc=0.5828  (n_train=600)

------------------------------------------------------------
Sender: LSF System <lsfadmin@hpc.dtu.dk>
Subject: Job 28682268: <pd_0.01_4> in cluster <dcc> Exited

Job <pd_0.01_4> was submitted from host <n-62-27-20> by user <s245109> in cluster <dcc> at Wed Jun 17 12:55:43 2026
Job was executed on host(s) <4*n-62-11-16>, in queue <gpuv100>, as user <s245109> in cluster <dcc> at Wed Jun 17 13:38:39 2026
</zhome/15/2/217301> was used as the home directory.
</zhome/15/2/217301/desktop/Fagprojekt---Group-Equivariance> was used as the working directory.
Started at Wed Jun 17 13:38:39 2026
Terminated at Wed Jun 17 13:46:37 2026
Results reported at Wed Jun 17 13:46:37 2026

Your job looked like:

------------------------------------------------------------
# LSBATCH: User input
#!/bin/sh
### Per-CELL job template for the datasize x channels grid (CNN vs GE-CNN).
### One job handles one cell: TRAIN_FRACTION and CHANNELS are set via -env at submit.
### Outputs land in reports/param_datasize_2/datasize_<f>/channels_<c>/.
### Submit ALL 30 cells with:   bash src/submit_param_datasize_v3.sh
### Or one cell manually:
###   bsub -J pd_0.05_8 \
###        -o reports/param_datasize_2/datasize_0.05/channels_8/lsf_%J.out \
###        -e reports/param_datasize_2/datasize_0.05/channels_8/lsf_%J.err \
###        -env "all, TRAIN_FRACTION=0.05, CHANNELS=8" < src/run_param_datasize_v3.sh
#BSUB -q gpuv100
#BSUB -J param_datasize_v3
#BSUB -n 4
#BSUB -R "span[hosts=1]"
#BSUB -R "rusage[mem=8GB]"
#BSUB -gpu "num=1:mode=exclusive_process"
#BSUB -W 4:00

cd /zhome/15/2/217301/desktop/Fagprojekt---Group-Equivariance
echo "TRAIN_FRACTION=${TRAIN_FRACTION:-unset} CHANNELS=${CHANNELS:-unset}"
nvidia-smi || true
~/.local/bin/uv run python src/test_parameters_datasize_v3.py

------------------------------------------------------------

TERM_RUNLIMIT: job killed after reaching LSF run time limit.
Exited with exit code 140.

Resource usage summary:

    CPU time :                                   732.00 sec.
    Max Memory :                                 1001 MB
    Average Memory :                             879.86 MB
    Total Requested Memory :                     32768.00 MB
    Delta Memory :                               31767.00 MB
    Max Swap :                                   -
    Max Processes :                              9
    Max Threads :                                29
    Run time :                                   478 sec.
    Turnaround time :                            3054 sec.

The output (if any) is above this job summary.



PS:

Read file </zhome/15/2/217301/desktop/Fagprojekt---Group-Equivariance/reports/param_datasize_2/datasize_0.01/channels_4/lsf_28682268.err> for stderr output of this job.

