TRAIN_FRACTION=0.005 CHANNELS=16
Wed Jun 17 13:16:30 2026       
+-----------------------------------------------------------------------------------------+
| NVIDIA-SMI 580.159.04             Driver Version: 580.159.04     CUDA Version: 13.0     |
+-----------------------------------------+------------------------+----------------------+
| GPU  Name                 Persistence-M | Bus-Id          Disp.A | Volatile Uncorr. ECC |
| Fan  Temp   Perf          Pwr:Usage/Cap |           Memory-Usage | GPU-Util  Compute M. |
|                                         |                        |               MIG M. |
|=========================================+========================+======================|
|   0  Tesla V100-PCIE-32GB           On  |   00000000:D8:00.0 Off |                    0 |
| N/A   38C    P0             26W /  250W |       0MiB /  32768MiB |      0%   E. Process |
|                                         |                        |                  N/A |
+-----------------------------------------+------------------------+----------------------+

+-----------------------------------------------------------------------------------------+
| Processes:                                                                              |
|  GPU   GI   CI              PID   Type   Process name                        GPU Memory |
|        ID   ID                                                               Usage      |
|=========================================================================================|
|  No running processes found                                                             |
+-----------------------------------------------------------------------------------------+
Device: cuda | SMOKE=False | datasize=0.005 | channels=16 | seeds=[0, 1, 2, 3, 4, 5, 6, 7, 8, 9, 10, 11, 12, 13, 14] | max_epochs=100 | patience=10 | img=40
GPU: Tesla V100-PCIE-32GB

CNN: 128,522 params (channels=16)
  [seed 0] best_epoch= 14  test_acc=0.4307  (n_train=300)
  [seed 1] best_epoch= 13  test_acc=0.3932  (n_train=300)
  [seed 2] best_epoch= 16  test_acc=0.4011  (n_train=300)
  [seed 3] best_epoch= 13  test_acc=0.4012  (n_train=300)
  [seed 4] best_epoch= 17  test_acc=0.4247  (n_train=300)
  [seed 5] best_epoch= 11  test_acc=0.3883  (n_train=300)
  [seed 6] best_epoch= 11  test_acc=0.3924  (n_train=300)
  [seed 7] best_epoch= 20  test_acc=0.4250  (n_train=300)
  [seed 8] best_epoch= 14  test_acc=0.4436  (n_train=300)
  [seed 9] best_epoch= 19  test_acc=0.4565  (n_train=300)
  [seed 10] best_epoch= 19  test_acc=0.4419  (n_train=300)
  [seed 11] best_epoch= 14  test_acc=0.4172  (n_train=300)
  [seed 12] best_epoch= 14  test_acc=0.4159  (n_train=300)
  [seed 13] best_epoch= 16  test_acc=0.4313  (n_train=300)
  [seed 14] best_epoch= 22  test_acc=0.4569  (n_train=300)
  CNN: test_acc 0.4213 +/- 0.0227  ->  /zhome/15/2/217301/desktop/Fagprojekt---Group-Equivariance/reports/param_datasize_2/CNN/datasize_0.005/channels_16

GE_CNN: 395,130 params (channels=16)
  [seed 0] best_epoch= 34  test_acc=0.5136  (n_train=300)
  [seed 1] best_epoch= 20  test_acc=0.4484  (n_train=300)
  [seed 2] best_epoch= 38  test_acc=0.5338  (n_train=300)
  [seed 3] best_epoch= 28  test_acc=0.4785  (n_train=300)
  [seed 4] best_epoch= 14  test_acc=0.3756  (n_train=300)
  [seed 5] best_epoch= 35  test_acc=0.5537  (n_train=300)
  [seed 6] best_epoch= 39  test_acc=0.5304  (n_train=300)
  [seed 7] best_epoch= 53  test_acc=0.5561  (n_train=300)
  [seed 8] best_epoch= 34  test_acc=0.5264  (n_train=300)
  [seed 9] best_epoch= 27  test_acc=0.5100  (n_train=300)

------------------------------------------------------------
Sender: LSF System <lsfadmin@hpc.dtu.dk>
Subject: Job 28682265: <pd_0.005_16> in cluster <dcc> Exited

Job <pd_0.005_16> was submitted from host <n-62-27-20> by user <s245109> in cluster <dcc> at Wed Jun 17 12:55:42 2026
Job was executed on host(s) <4*n-62-11-16>, in queue <gpuv100>, as user <s245109> in cluster <dcc> at Wed Jun 17 13:16:29 2026
</zhome/15/2/217301> was used as the home directory.
</zhome/15/2/217301/desktop/Fagprojekt---Group-Equivariance> was used as the working directory.
Started at Wed Jun 17 13:16:29 2026
Terminated at Wed Jun 17 13:24:05 2026
Results reported at Wed Jun 17 13:24:05 2026

Your job looked like:

------------------------------------------------------------
# LSBATCH: User input
#!/bin/sh
### Per-CELL job template for the datasize x channels grid (CNN vs GE-CNN).
### One job handles one cell: TRAIN_FRACTION and CHANNELS are set via -env at submit.
### Outputs land in reports/param_datasize_2/datasize_<f>/channels_<c>/.
### Submit ALL 30 cells with:   bash src/submit_param_datasize_v3.sh
### Or one cell manually:
###   bsub -J pd_0.05_8 \
###        -o reports/param_datasize_2/datasize_0.05/channels_8/lsf_%J.out \
###        -e reports/param_datasize_2/datasize_0.05/channels_8/lsf_%J.err \
###        -env "all, TRAIN_FRACTION=0.05, CHANNELS=8" < src/run_param_datasize_v3.sh
#BSUB -q gpuv100
#BSUB -J param_datasize_v3
#BSUB -n 4
#BSUB -R "span[hosts=1]"
#BSUB -R "rusage[mem=8GB]"
#BSUB -gpu "num=1:mode=exclusive_process"
#BSUB -W 4:00

cd /zhome/15/2/217301/desktop/Fagprojekt---Group-Equivariance
echo "TRAIN_FRACTION=${TRAIN_FRACTION:-unset} CHANNELS=${CHANNELS:-unset}"
nvidia-smi || true
~/.local/bin/uv run python src/test_parameters_datasize_v3.py

------------------------------------------------------------

TERM_RUNLIMIT: job killed after reaching LSF run time limit.
Exited with exit code 140.

Resource usage summary:

    CPU time :                                   602.00 sec.
    Max Memory :                                 1055 MB
    Average Memory :                             1004.86 MB
    Total Requested Memory :                     32768.00 MB
    Delta Memory :                               31713.00 MB
    Max Swap :                                   -
    Max Processes :                              9
    Max Threads :                                29
    Run time :                                   456 sec.
    Turnaround time :                            1703 sec.

The output (if any) is above this job summary.



PS:

Read file </zhome/15/2/217301/desktop/Fagprojekt---Group-Equivariance/reports/param_datasize_2/datasize_0.005/channels_16/lsf_28682265.err> for stderr output of this job.

