TRAIN_FRACTION=0.005 CHANNELS=16
Wed Jun 17 16:18:56 2026       
+-----------------------------------------------------------------------------------------+
| NVIDIA-SMI 595.71.05              Driver Version: 595.71.05      CUDA Version: 13.2     |
+-----------------------------------------+------------------------+----------------------+
| GPU  Name                 Persistence-M | Bus-Id          Disp.A | Volatile Uncorr. ECC |
| Fan  Temp   Perf          Pwr:Usage/Cap |           Memory-Usage | GPU-Util  Compute M. |
|                                         |                        |               MIG M. |
|=========================================+========================+======================|
|   0  NVIDIA L40S                    On  |   00000000:A1:00.0 Off |                    0 |
| N/A   44C    P8             66W /  350W |       0MiB /  46068MiB |      0%   E. Process |
|                                         |                        |                  N/A |
+-----------------------------------------+------------------------+----------------------+

+-----------------------------------------------------------------------------------------+
| Processes:                                                                              |
|  GPU   GI   CI              PID   Type   Process name                        GPU Memory |
|        ID   ID                                                               Usage      |
|=========================================================================================|
|  No running processes found                                                             |
+-----------------------------------------------------------------------------------------+
Device: cuda | SMOKE=False | datasize=0.005 | channels=16 | seeds=[0, 1, 2, 3, 4, 5, 6, 7, 8, 9, 10, 11, 12, 13, 14] | max_epochs=100 | patience=10 | img=40
GPU: NVIDIA L40S

CNN: 128,522 params (channels=16)
  [seed 0] best_epoch= 12  test_acc=0.4035  (n_train=300)
  [seed 1] best_epoch= 17  test_acc=0.4190  (n_train=300)
  [seed 2] best_epoch= 13  test_acc=0.3885  (n_train=300)
  [seed 3] best_epoch= 15  test_acc=0.4055  (n_train=300)
  [seed 4] best_epoch= 17  test_acc=0.4165  (n_train=300)
  [seed 5] best_epoch= 11  test_acc=0.3935  (n_train=300)
  [seed 6] best_epoch= 11  test_acc=0.3865  (n_train=300)
  [seed 7] best_epoch= 20  test_acc=0.4255  (n_train=300)
  [seed 8] best_epoch= 14  test_acc=0.4420  (n_train=300)
  [seed 9] best_epoch= 19  test_acc=0.4565  (n_train=300)
  [seed 10] best_epoch= 19  test_acc=0.4445  (n_train=300)
  [seed 11] best_epoch= 14  test_acc=0.4175  (n_train=300)
  [seed 12] best_epoch= 14  test_acc=0.4105  (n_train=300)
  [seed 13] best_epoch= 14  test_acc=0.4125  (n_train=300)
  [seed 14] best_epoch= 20  test_acc=0.4350  (n_train=300)
  CNN: test_acc 0.4171 +/- 0.0207  ->  /zhome/15/2/217301/desktop/Fagprojekt---Group-Equivariance/reports/param_datasize_2/CNN/datasize_0.005/channels_16

GE_CNN: 395,130 params (channels=16)
  [seed 0] best_epoch= 21  test_acc=0.5015  (n_train=300)
  [seed 1] best_epoch= 54  test_acc=0.5530  (n_train=300)
  [seed 2] best_epoch= 15  test_acc=0.4145  (n_train=300)
  [seed 3] best_epoch= 25  test_acc=0.5005  (n_train=300)
  [seed 4] best_epoch= 51  test_acc=0.5495  (n_train=300)
  [seed 5] best_epoch= 15  test_acc=0.4695  (n_train=300)
  [seed 6] best_epoch= 30  test_acc=0.5135  (n_train=300)
  [seed 7] best_epoch= 33  test_acc=0.5230  (n_train=300)
  [seed 8] best_epoch= 14  test_acc=0.4770  (n_train=300)
  [seed 9] best_epoch= 27  test_acc=0.5395  (n_train=300)
  [seed 10] best_epoch= 30  test_acc=0.5375  (n_train=300)
  [seed 11] best_epoch= 39  test_acc=0.5260  (n_train=300)
  [seed 12] best_epoch= 36  test_acc=0.5235  (n_train=300)
  [seed 13] best_epoch= 45  test_acc=0.5540  (n_train=300)
  [seed 14] best_epoch= 39  test_acc=0.5115  (n_train=300)
  GE_CNN: test_acc 0.5129 +/- 0.0373  ->  /zhome/15/2/217301/desktop/Fagprojekt---Group-Equivariance/reports/param_datasize_2/GE_CNN/datasize_0.005/channels_16

Done. Cell datasize_0.005/channels_16 outputs under /zhome/15/2/217301/desktop/Fagprojekt---Group-Equivariance/reports/param_datasize_2/<MODEL>/

------------------------------------------------------------
Sender: LSF System <lsfadmin@hpc.dtu.dk>
Subject: Job 28682899: <pd_0.005_16> in cluster <dcc> Done

Job <pd_0.005_16> was submitted from host <n-62-30-4> by user <s245109> in cluster <dcc> at Wed Jun 17 14:36:23 2026
Job was executed on host(s) <4*n-62-13-18>, in queue <gpul40s>, as user <s245109> in cluster <dcc> at Wed Jun 17 16:18:55 2026
</zhome/15/2/217301> was used as the home directory.
</zhome/15/2/217301/desktop/Fagprojekt---Group-Equivariance> was used as the working directory.
Started at Wed Jun 17 16:18:55 2026
Terminated at Wed Jun 17 16:29:20 2026
Results reported at Wed Jun 17 16:29:20 2026

Your job looked like:

------------------------------------------------------------
# LSBATCH: User input
#!/bin/sh
### Per-CELL job template for the datasize x channels grid (CNN vs GE-CNN).
### One job handles one cell: TRAIN_FRACTION and CHANNELS are set via -env at submit.
### Outputs land in reports/param_datasize_2/datasize_<f>/channels_<c>/.
### Submit ALL 30 cells with:   bash src/submit_param_datasize_v3.sh
### Or one cell manually:
###   bsub -J pd_0.05_8 \
###        -o reports/param_datasize_2/datasize_0.05/channels_8/lsf_%J.out \
###        -e reports/param_datasize_2/datasize_0.05/channels_8/lsf_%J.err \
###        -env "all, TRAIN_FRACTION=0.05, CHANNELS=8" < src/run_param_datasize_v3.sh
#BSUB -q gpuv100
#BSUB -J param_datasize_v3
#BSUB -n 4
#BSUB -R "span[hosts=1]"
#BSUB -R "rusage[mem=8GB]"
#BSUB -gpu "num=1:mode=exclusive_process"
#BSUB -W 4:00

cd /zhome/15/2/217301/desktop/Fagprojekt---Group-Equivariance
echo "TRAIN_FRACTION=${TRAIN_FRACTION:-unset} CHANNELS=${CHANNELS:-unset}"
nvidia-smi || true
~/.local/bin/uv run python src/test_parameters_datasize_v3.py

------------------------------------------------------------

Successfully completed.

Resource usage summary:

    CPU time :                                   1429.00 sec.
    Max Memory :                                 1171 MB
    Average Memory :                             982.33 MB
    Total Requested Memory :                     32768.00 MB
    Delta Memory :                               31597.00 MB
    Max Swap :                                   -
    Max Processes :                              9
    Max Threads :                                30
    Run time :                                   625 sec.
    Turnaround time :                            6777 sec.

The output (if any) is above this job summary.



PS:

Read file </zhome/15/2/217301/desktop/Fagprojekt---Group-Equivariance/reports/param_datasize_2/datasize_0.005/channels_16/lsf_28682899.err> for stderr output of this job.

