TRAIN_FRACTION=0.03 CHANNELS=16
Wed Jun 17 23:35:45 2026       
+-----------------------------------------------------------------------------------------+
| NVIDIA-SMI 595.71.05              Driver Version: 595.71.05      CUDA Version: 13.2     |
+-----------------------------------------+------------------------+----------------------+
| GPU  Name                 Persistence-M | Bus-Id          Disp.A | Volatile Uncorr. ECC |
| Fan  Temp   Perf          Pwr:Usage/Cap |           Memory-Usage | GPU-Util  Compute M. |
|                                         |                        |               MIG M. |
|=========================================+========================+======================|
|   0  NVIDIA L40S                    On  |   00000000:A1:00.0 Off |                    0 |
| N/A   37C    P8             64W /  350W |       0MiB /  46068MiB |      0%   E. Process |
|                                         |                        |                  N/A |
+-----------------------------------------+------------------------+----------------------+

+-----------------------------------------------------------------------------------------+
| Processes:                                                                              |
|  GPU   GI   CI              PID   Type   Process name                        GPU Memory |
|        ID   ID                                                               Usage      |
|=========================================================================================|
|  No running processes found                                                             |
+-----------------------------------------------------------------------------------------+
Device: cuda | SMOKE=False | datasize=0.03 | channels=16 | seeds=[0, 1, 2, 3, 4, 5, 6, 7, 8, 9, 10, 11, 12, 13, 14] | max_epochs=100 | patience=10 | img=40
GPU: NVIDIA L40S

CNN: 128,522 params (channels=16)
  [seed 0] best_epoch= 21  test_acc=0.5900  (n_train=1800)
  [seed 1] best_epoch= 24  test_acc=0.5995  (n_train=1800)
  [seed 2] best_epoch= 24  test_acc=0.6005  (n_train=1800)
  [seed 3] best_epoch= 19  test_acc=0.5960  (n_train=1800)
  [seed 4] best_epoch= 19  test_acc=0.5655  (n_train=1800)
  [seed 5] best_epoch= 18  test_acc=0.5885  (n_train=1800)
  [seed 6] best_epoch= 20  test_acc=0.5930  (n_train=1800)
  [seed 7] best_epoch= 26  test_acc=0.6050  (n_train=1800)
  [seed 8] best_epoch= 20  test_acc=0.5975  (n_train=1800)
  [seed 9] best_epoch= 16  test_acc=0.5910  (n_train=1800)
  [seed 10] best_epoch= 16  test_acc=0.5645  (n_train=1800)
  [seed 11] best_epoch= 18  test_acc=0.6160  (n_train=1800)
  [seed 12] best_epoch= 18  test_acc=0.5960  (n_train=1800)
  [seed 13] best_epoch= 21  test_acc=0.6000  (n_train=1800)
  [seed 14] best_epoch= 14  test_acc=0.5620  (n_train=1800)
  CNN: test_acc 0.5910 +/- 0.0155  ->  /zhome/15/2/217301/desktop/Fagprojekt---Group-Equivariance/reports/param_datasize_2/CNN/datasize_0.03/channels_16

GE_CNN: 395,130 params (channels=16)
  [seed 0] best_epoch= 39  test_acc=0.6365  (n_train=1800)
  [seed 1] best_epoch= 52  test_acc=0.6430  (n_train=1800)
  [seed 2] best_epoch= 11  test_acc=0.5475  (n_train=1800)
  [seed 3] best_epoch= 10  test_acc=0.5665  (n_train=1800)
  [seed 4] best_epoch= 12  test_acc=0.4560  (n_train=1800)
  [seed 5] best_epoch= 59  test_acc=0.5945  (n_train=1800)
  [seed 6] best_epoch= 34  test_acc=0.6495  (n_train=1800)
  [seed 7] best_epoch= 45  test_acc=0.6505  (n_train=1800)
  [seed 8] best_epoch= 19  test_acc=0.5655  (n_train=1800)
  [seed 9] best_epoch= 25  test_acc=0.5840  (n_train=1800)
  [seed 10] best_epoch= 17  test_acc=0.4940  (n_train=1800)
  [seed 11] best_epoch= 28  test_acc=0.6120  (n_train=1800)
  [seed 12] best_epoch= 16  test_acc=0.5840  (n_train=1800)
  [seed 13] best_epoch= 24  test_acc=0.5655  (n_train=1800)
  [seed 14] best_epoch= 39  test_acc=0.5815  (n_train=1800)
  GE_CNN: test_acc 0.5820 +/- 0.0552  ->  /zhome/15/2/217301/desktop/Fagprojekt---Group-Equivariance/reports/param_datasize_2/GE_CNN/datasize_0.03/channels_16

Done. Cell datasize_0.03/channels_16 outputs under /zhome/15/2/217301/desktop/Fagprojekt---Group-Equivariance/reports/param_datasize_2/<MODEL>/

------------------------------------------------------------
Sender: LSF System <lsfadmin@hpc.dtu.dk>
Subject: Job 28682909: <pd_0.03_16> in cluster <dcc> Done

Job <pd_0.03_16> was submitted from host <n-62-30-4> by user <s245109> in cluster <dcc> at Wed Jun 17 14:36:27 2026
Job was executed on host(s) <4*n-62-13-16>, in queue <gpul40s>, as user <s245109> in cluster <dcc> at Wed Jun 17 23:35:43 2026
</zhome/15/2/217301> was used as the home directory.
</zhome/15/2/217301/desktop/Fagprojekt---Group-Equivariance> was used as the working directory.
Started at Wed Jun 17 23:35:43 2026
Terminated at Wed Jun 17 23:54:56 2026
Results reported at Wed Jun 17 23:54:56 2026

Your job looked like:

------------------------------------------------------------
# LSBATCH: User input
#!/bin/sh
### Per-CELL job template for the datasize x channels grid (CNN vs GE-CNN).
### One job handles one cell: TRAIN_FRACTION and CHANNELS are set via -env at submit.
### Outputs land in reports/param_datasize_2/datasize_<f>/channels_<c>/.
### Submit ALL 30 cells with:   bash src/submit_param_datasize_v3.sh
### Or one cell manually:
###   bsub -J pd_0.05_8 \
###        -o reports/param_datasize_2/datasize_0.05/channels_8/lsf_%J.out \
###        -e reports/param_datasize_2/datasize_0.05/channels_8/lsf_%J.err \
###        -env "all, TRAIN_FRACTION=0.05, CHANNELS=8" < src/run_param_datasize_v3.sh
#BSUB -q gpuv100
#BSUB -J param_datasize_v3
#BSUB -n 4
#BSUB -R "span[hosts=1]"
#BSUB -R "rusage[mem=8GB]"
#BSUB -gpu "num=1:mode=exclusive_process"
#BSUB -W 4:00

cd /zhome/15/2/217301/desktop/Fagprojekt---Group-Equivariance
echo "TRAIN_FRACTION=${TRAIN_FRACTION:-unset} CHANNELS=${CHANNELS:-unset}"
nvidia-smi || true
~/.local/bin/uv run python src/test_parameters_datasize_v3.py

------------------------------------------------------------

Successfully completed.

Resource usage summary:

    CPU time :                                   2105.00 sec.
    Max Memory :                                 1151 MB
    Average Memory :                             1062.55 MB
    Total Requested Memory :                     32768.00 MB
    Delta Memory :                               31617.00 MB
    Max Swap :                                   -
    Max Processes :                              9
    Max Threads :                                30
    Run time :                                   1153 sec.
    Turnaround time :                            33509 sec.

The output (if any) is above this job summary.



PS:

Read file </zhome/15/2/217301/desktop/Fagprojekt---Group-Equivariance/reports/param_datasize_2/datasize_0.03/channels_16/lsf_28682909.err> for stderr output of this job.

