TRAIN_FRACTION=0.01 CHANNELS=16
Wed Jun 17 17:40:49 2026       
+-----------------------------------------------------------------------------------------+
| NVIDIA-SMI 595.71.05              Driver Version: 595.71.05      CUDA Version: 13.2     |
+-----------------------------------------+------------------------+----------------------+
| GPU  Name                 Persistence-M | Bus-Id          Disp.A | Volatile Uncorr. ECC |
| Fan  Temp   Perf          Pwr:Usage/Cap |           Memory-Usage | GPU-Util  Compute M. |
|                                         |                        |               MIG M. |
|=========================================+========================+======================|
|   0  NVIDIA L40S                    On  |   00000000:A1:00.0 Off |                    0 |
| N/A   48C    P0             68W /  350W |       0MiB /  46068MiB |      0%   E. Process |
|                                         |                        |                  N/A |
+-----------------------------------------+------------------------+----------------------+

+-----------------------------------------------------------------------------------------+
| Processes:                                                                              |
|  GPU   GI   CI              PID   Type   Process name                        GPU Memory |
|        ID   ID                                                               Usage      |
|=========================================================================================|
|  No running processes found                                                             |
+-----------------------------------------------------------------------------------------+
Device: cuda | SMOKE=False | datasize=0.01 | channels=16 | seeds=[0, 1, 2, 3, 4, 5, 6, 7, 8, 9, 10, 11, 12, 13, 14] | max_epochs=100 | patience=10 | img=40
GPU: NVIDIA L40S

CNN: 128,522 params (channels=16)
  [seed 0] best_epoch= 17  test_acc=0.4905  (n_train=600)
  [seed 1] best_epoch= 14  test_acc=0.4930  (n_train=600)
  [seed 2] best_epoch= 15  test_acc=0.4950  (n_train=600)
  [seed 3] best_epoch= 13  test_acc=0.4895  (n_train=600)
  [seed 4] best_epoch= 18  test_acc=0.4975  (n_train=600)
  [seed 5] best_epoch= 14  test_acc=0.4970  (n_train=600)
  [seed 6] best_epoch= 19  test_acc=0.4935  (n_train=600)
  [seed 7] best_epoch= 14  test_acc=0.5210  (n_train=600)
  [seed 8] best_epoch= 21  test_acc=0.5160  (n_train=600)
  [seed 9] best_epoch= 14  test_acc=0.5170  (n_train=600)
  [seed 10] best_epoch= 17  test_acc=0.4880  (n_train=600)
  [seed 11] best_epoch= 19  test_acc=0.5250  (n_train=600)
  [seed 12] best_epoch= 18  test_acc=0.5115  (n_train=600)
  [seed 13] best_epoch= 18  test_acc=0.5055  (n_train=600)
  [seed 14] best_epoch= 16  test_acc=0.5250  (n_train=600)
  CNN: test_acc 0.5043 +/- 0.0136  ->  /zhome/15/2/217301/desktop/Fagprojekt---Group-Equivariance/reports/param_datasize_2/CNN/datasize_0.01/channels_16

GE_CNN: 395,130 params (channels=16)
  [seed 0] best_epoch= 44  test_acc=0.6160  (n_train=600)
  [seed 1] best_epoch= 55  test_acc=0.6105  (n_train=600)
  [seed 2] best_epoch= 27  test_acc=0.5920  (n_train=600)
  [seed 3] best_epoch= 44  test_acc=0.6085  (n_train=600)
  [seed 4] best_epoch= 46  test_acc=0.5880  (n_train=600)
  [seed 5] best_epoch= 22  test_acc=0.5615  (n_train=600)
  [seed 6] best_epoch= 41  test_acc=0.5305  (n_train=600)
  [seed 7] best_epoch= 25  test_acc=0.4495  (n_train=600)
  [seed 8] best_epoch= 44  test_acc=0.5970  (n_train=600)
  [seed 9] best_epoch= 29  test_acc=0.5135  (n_train=600)
  [seed 10] best_epoch= 42  test_acc=0.5565  (n_train=600)
  [seed 11] best_epoch= 25  test_acc=0.5870  (n_train=600)
  [seed 12] best_epoch= 36  test_acc=0.5485  (n_train=600)
  [seed 13] best_epoch= 25  test_acc=0.5825  (n_train=600)
  [seed 14] best_epoch= 48  test_acc=0.6020  (n_train=600)
  GE_CNN: test_acc 0.5696 +/- 0.0449  ->  /zhome/15/2/217301/desktop/Fagprojekt---Group-Equivariance/reports/param_datasize_2/GE_CNN/datasize_0.01/channels_16

Done. Cell datasize_0.01/channels_16 outputs under /zhome/15/2/217301/desktop/Fagprojekt---Group-Equivariance/reports/param_datasize_2/<MODEL>/

------------------------------------------------------------
Sender: LSF System <lsfadmin@hpc.dtu.dk>
Subject: Job 28682904: <pd_0.01_16> in cluster <dcc> Done

Job <pd_0.01_16> was submitted from host <n-62-30-4> by user <s245109> in cluster <dcc> at Wed Jun 17 14:36:24 2026
Job was executed on host(s) <4*n-62-13-18>, in queue <gpul40s>, as user <s245109> in cluster <dcc> at Wed Jun 17 17:40:47 2026
</zhome/15/2/217301> was used as the home directory.
</zhome/15/2/217301/desktop/Fagprojekt---Group-Equivariance> was used as the working directory.
Started at Wed Jun 17 17:40:47 2026
Terminated at Wed Jun 17 17:53:46 2026
Results reported at Wed Jun 17 17:53:46 2026

Your job looked like:

------------------------------------------------------------
# LSBATCH: User input
#!/bin/sh
### Per-CELL job template for the datasize x channels grid (CNN vs GE-CNN).
### One job handles one cell: TRAIN_FRACTION and CHANNELS are set via -env at submit.
### Outputs land in reports/param_datasize_2/datasize_<f>/channels_<c>/.
### Submit ALL 30 cells with:   bash src/submit_param_datasize_v3.sh
### Or one cell manually:
###   bsub -J pd_0.05_8 \
###        -o reports/param_datasize_2/datasize_0.05/channels_8/lsf_%J.out \
###        -e reports/param_datasize_2/datasize_0.05/channels_8/lsf_%J.err \
###        -env "all, TRAIN_FRACTION=0.05, CHANNELS=8" < src/run_param_datasize_v3.sh
#BSUB -q gpuv100
#BSUB -J param_datasize_v3
#BSUB -n 4
#BSUB -R "span[hosts=1]"
#BSUB -R "rusage[mem=8GB]"
#BSUB -gpu "num=1:mode=exclusive_process"
#BSUB -W 4:00

cd /zhome/15/2/217301/desktop/Fagprojekt---Group-Equivariance
echo "TRAIN_FRACTION=${TRAIN_FRACTION:-unset} CHANNELS=${CHANNELS:-unset}"
nvidia-smi || true
~/.local/bin/uv run python src/test_parameters_datasize_v3.py

------------------------------------------------------------

Successfully completed.

Resource usage summary:

    CPU time :                                   1719.00 sec.
    Max Memory :                                 1139 MB
    Average Memory :                             1067.50 MB
    Total Requested Memory :                     32768.00 MB
    Delta Memory :                               31629.00 MB
    Max Swap :                                   -
    Max Processes :                              9
    Max Threads :                                30
    Run time :                                   779 sec.
    Turnaround time :                            11842 sec.

The output (if any) is above this job summary.



PS:

Read file </zhome/15/2/217301/desktop/Fagprojekt---Group-Equivariance/reports/param_datasize_2/datasize_0.01/channels_16/lsf_28682904.err> for stderr output of this job.

