TRAIN_FRACTION=0.01
Tue Jun 16 23:51:06 2026       
+-----------------------------------------------------------------------------------------+
| NVIDIA-SMI 580.159.04             Driver Version: 580.159.04     CUDA Version: 13.0     |
+-----------------------------------------+------------------------+----------------------+
| GPU  Name                 Persistence-M | Bus-Id          Disp.A | Volatile Uncorr. ECC |
| Fan  Temp   Perf          Pwr:Usage/Cap |           Memory-Usage | GPU-Util  Compute M. |
|                                         |                        |               MIG M. |
|=========================================+========================+======================|
|   0  Tesla V100-PCIE-16GB           On  |   00000000:AF:00.0 Off |                    0 |
| N/A   58C    P0             27W /  250W |       0MiB /  16384MiB |      0%   E. Process |
|                                         |                        |                  N/A |
+-----------------------------------------+------------------------+----------------------+

+-----------------------------------------------------------------------------------------+
| Processes:                                                                              |
|  GPU   GI   CI              PID   Type   Process name                        GPU Memory |
|        ID   ID                                                               Usage      |
|=========================================================================================|
|  No running processes found                                                             |
+-----------------------------------------------------------------------------------------+
Device: cuda, seeds=[0, 1, 2, 3, 4, 5, 6, 7, 8, 9], epochs=60
GPU: Tesla V100-PCIE-16GB

SEED 0
  [seed 0] training CNN (128,522 params)
Model finished training, test loss is 13.89680474395752, test acc: 0.1817
  [seed 0] training GE_CNN (133,234 params)
Model finished training, test loss is 5.71548904953003, test acc: 0.3587

SEED 1
  [seed 1] training CNN (128,522 params)
Model finished training, test loss is 13.55853917541504, test acc: 0.1845
  [seed 1] training GE_CNN (133,234 params)
Model finished training, test loss is 4.410472063446045, test acc: 0.3718

SEED 2
  [seed 2] training CNN (128,522 params)
Model finished training, test loss is 11.937976753234864, test acc: 0.197
  [seed 2] training GE_CNN (133,234 params)
Model finished training, test loss is 4.643456005096436, test acc: 0.3764

SEED 3
  [seed 3] training CNN (128,522 params)
Model finished training, test loss is 15.03365127105713, test acc: 0.1894
  [seed 3] training GE_CNN (133,234 params)
Model finished training, test loss is 4.33539181137085, test acc: 0.38520000000000004

SEED 4
  [seed 4] training CNN (128,522 params)
Model finished training, test loss is 13.798087016296387, test acc: 0.17700000000000002
  [seed 4] training GE_CNN (133,234 params)
Model finished training, test loss is 4.79002393951416, test acc: 0.39030000000000004

SEED 5
  [seed 5] training CNN (128,522 params)
Model finished training, test loss is 15.173611941528321, test acc: 0.1887
  [seed 5] training GE_CNN (133,234 params)
Model finished training, test loss is 5.036588024139404, test acc: 0.3672

SEED 6
  [seed 6] training CNN (128,522 params)
Model finished training, test loss is 14.048871516418458, test acc: 0.1844
  [seed 6] training GE_CNN (133,234 params)
Model finished training, test loss is 5.007334880065918, test acc: 0.38480000000000003

SEED 7
  [seed 7] training CNN (128,522 params)
Model finished training, test loss is 13.662147599792482, test acc: 0.17750000000000002
  [seed 7] training GE_CNN (133,234 params)
Model finished training, test loss is 5.203489783477783, test acc: 0.3821

SEED 8
  [seed 8] training CNN (128,522 params)
Model finished training, test loss is 16.664604191589355, test acc: 0.19460000000000002
  [seed 8] training GE_CNN (133,234 params)
Model finished training, test loss is 5.574427555084228, test acc: 0.35900000000000004

SEED 9
  [seed 9] training CNN (128,522 params)
Model finished training, test loss is 13.633715693664552, test acc: 0.19160000000000002
  [seed 9] training GE_CNN (133,234 params)
Model finished training, test loss is 5.147850052642823, test acc: 0.35950000000000004

Aggregate (mean +/- std over seeds)
  CNN     train_acc        0.9778 +/- 0.0121
  CNN     test_rot_acc     0.1866 +/- 0.0068
  CNN     test_unrot_acc   0.7822 +/- 0.0087
  GE_CNN  train_acc        0.8477 +/- 0.0321
  GE_CNN  test_rot_acc     0.3735 +/- 0.0120
  GE_CNN  test_unrot_acc   0.6935 +/- 0.0118

All outputs written to /zhome/15/2/217301/desktop/Fagprojekt---Group-Equivariance/reports/unrot_rot/frac_0.01
  aggregate.json
  aggregate.pt
  final_accuracy_bars.png
  learning_curves.png
  lsf_28680361.err
  lsf_28680361.out
  robustness_gap.png

------------------------------------------------------------
Sender: LSF System <lsfadmin@hpc.dtu.dk>
Subject: Job 28680361: <ur_0.01> in cluster <dcc> Done

Job <ur_0.01> was submitted from host <n-62-30-2> by user <s245109> in cluster <dcc> at Tue Jun 16 23:47:55 2026
Job was executed on host(s) <4*n-62-20-2>, in queue <gpuv100>, as user <s245109> in cluster <dcc> at Tue Jun 16 23:51:04 2026
</zhome/15/2/217301> was used as the home directory.
</zhome/15/2/217301/desktop/Fagprojekt---Group-Equivariance> was used as the working directory.
Started at Tue Jun 16 23:51:04 2026
Terminated at Wed Jun 17 00:19:37 2026
Results reported at Wed Jun 17 00:19:37 2026

Your job looked like:

------------------------------------------------------------
# LSBATCH: User input
#!/bin/sh
### Train-unrot / test-rot DATASIZE SWEEP: one job per TRAIN_FRACTION (set via env at submit).
### Outputs land in reports/unrot_rot/frac_<f>/ (PNGs, aggregate.json/pt, LSF logs).
### GE-CNN is param-matched to CNN (l=3, ch=8, rings=4 ~ 133k ~ CNN ch=16 128k).
### Submit ALL fractions with:   bash src/submit_unrot_rot_frac.sh
### Or one fraction manually:
###   bsub -J ur_0.05 -o reports/unrot_rot/frac_0.05/lsf_%J.out \
###        -e reports/unrot_rot/frac_0.05/lsf_%J.err \
###        -env "all, TRAIN_FRACTION=0.05" < src/run_unrot_rot_frac.sh
#BSUB -q gpuv100
#BSUB -J unrot_rot_frac
#BSUB -n 4
#BSUB -R "span[hosts=1]"
#BSUB -R "rusage[mem=8GB]"
#BSUB -gpu "num=1:mode=exclusive_process"
#BSUB -W 24:00

cd /zhome/15/2/217301/desktop/Fagprojekt---Group-Equivariance
echo "TRAIN_FRACTION=${TRAIN_FRACTION:-unset}"
nvidia-smi || true
~/.local/bin/uv run python src/train_unrot_test_rot.py

------------------------------------------------------------

Successfully completed.

Resource usage summary:

    CPU time :                                   1696.00 sec.
    Max Memory :                                 1226 MB
    Average Memory :                             1089.50 MB
    Total Requested Memory :                     32768.00 MB
    Delta Memory :                               31542.00 MB
    Max Swap :                                   -
    Max Processes :                              5
    Max Threads :                                13
    Run time :                                   1713 sec.
    Turnaround time :                            1902 sec.

The output (if any) is above this job summary.



PS:

Read file </zhome/15/2/217301/desktop/Fagprojekt---Group-Equivariance/reports/unrot_rot/frac_0.01/lsf_28680361.err> for stderr output of this job.

