TRAIN_FRACTION=0.005 CHANNELS=4
Wed Jun 17 14:26:28 2026       
+-----------------------------------------------------------------------------------------+
| NVIDIA-SMI 580.159.04             Driver Version: 580.159.04     CUDA Version: 13.0     |
+-----------------------------------------+------------------------+----------------------+
| GPU  Name                 Persistence-M | Bus-Id          Disp.A | Volatile Uncorr. ECC |
| Fan  Temp   Perf          Pwr:Usage/Cap |           Memory-Usage | GPU-Util  Compute M. |
|                                         |                        |               MIG M. |
|=========================================+========================+======================|
|   0  Tesla V100-PCIE-32GB           On  |   00000000:58:00.0 Off |                    0 |
| N/A   40C    P0             33W /  250W |       0MiB /  32768MiB |      0%   E. Process |
|                                         |                        |                  N/A |
+-----------------------------------------+------------------------+----------------------+

+-----------------------------------------------------------------------------------------+
| Processes:                                                                              |
|  GPU   GI   CI              PID   Type   Process name                        GPU Memory |
|        ID   ID                                                               Usage      |
|=========================================================================================|
|  No running processes found                                                             |
+-----------------------------------------------------------------------------------------+
Device: cuda | SMOKE=False | datasize=0.005 | channels=4 | seeds=[0, 1, 2, 3, 4, 5, 6, 7, 8, 9, 10, 11, 12, 13, 14] | max_epochs=100 | patience=10 | img=40
GPU: Tesla V100-PCIE-32GB

CNN: 20,138 params (channels=4)
  [seed 0] best_epoch= 28  test_acc=0.4025  (n_train=300)
  [seed 1] best_epoch= 19  test_acc=0.3800  (n_train=300)
  [seed 2] best_epoch= 22  test_acc=0.3875  (n_train=300)
  [seed 3] best_epoch= 34  test_acc=0.3990  (n_train=300)
  [seed 4] best_epoch= 24  test_acc=0.4150  (n_train=300)
  [seed 5] best_epoch= 26  test_acc=0.4165  (n_train=300)
  [seed 6] best_epoch= 33  test_acc=0.3840  (n_train=300)
  [seed 7] best_epoch= 42  test_acc=0.4085  (n_train=300)
  [seed 8] best_epoch= 32  test_acc=0.4320  (n_train=300)
  [seed 9] best_epoch= 38  test_acc=0.4265  (n_train=300)
  [seed 10] best_epoch= 29  test_acc=0.4285  (n_train=300)
  [seed 11] best_epoch= 23  test_acc=0.4105  (n_train=300)
  [seed 12] best_epoch= 28  test_acc=0.3950  (n_train=300)
  [seed 13] best_epoch= 33  test_acc=0.4175  (n_train=300)
  [seed 14] best_epoch= 36  test_acc=0.4335  (n_train=300)
  CNN: test_acc 0.4091 +/- 0.0174  ->  /zhome/15/2/217301/desktop/Fagprojekt---Group-Equivariance/reports/param_datasize_2/CNN/datasize_0.005/channels_4

GE_CNN: 26,790 params (channels=4)
  [seed 0] best_epoch= 55  test_acc=0.5115  (n_train=300)
  [seed 1] best_epoch= 60  test_acc=0.5760  (n_train=300)
  [seed 2] best_epoch= 48  test_acc=0.5240  (n_train=300)
  [seed 3] best_epoch= 32  test_acc=0.5120  (n_train=300)
  [seed 4] best_epoch= 35  test_acc=0.5380  (n_train=300)
  [seed 5] best_epoch= 52  test_acc=0.5700  (n_train=300)
  [seed 6] best_epoch= 43  test_acc=0.5105  (n_train=300)
  [seed 7] best_epoch= 43  test_acc=0.5265  (n_train=300)
  [seed 8] best_epoch= 27  test_acc=0.5085  (n_train=300)
  [seed 9] best_epoch= 56  test_acc=0.5325  (n_train=300)
  [seed 10] best_epoch= 49  test_acc=0.5015  (n_train=300)
  [seed 11] best_epoch= 31  test_acc=0.5130  (n_train=300)
  [seed 12] best_epoch= 44  test_acc=0.5345  (n_train=300)
  [seed 13] best_epoch= 41  test_acc=0.5165  (n_train=300)
  [seed 14] best_epoch= 42  test_acc=0.5225  (n_train=300)
  GE_CNN: test_acc 0.5265 +/- 0.0216  ->  /zhome/15/2/217301/desktop/Fagprojekt---Group-Equivariance/reports/param_datasize_2/GE_CNN/datasize_0.005/channels_4

Done. Cell datasize_0.005/channels_4 outputs under /zhome/15/2/217301/desktop/Fagprojekt---Group-Equivariance/reports/param_datasize_2/<MODEL>/

------------------------------------------------------------
Sender: LSF System <lsfadmin@hpc.dtu.dk>
Subject: Job 28682514: <pd_0.005_4> in cluster <dcc> Done

Job <pd_0.005_4> was submitted from host <n-62-30-4> by user <s245109> in cluster <dcc> at Wed Jun 17 13:59:22 2026
Job was executed on host(s) <4*n-62-11-14>, in queue <gpuv100>, as user <s245109> in cluster <dcc> at Wed Jun 17 14:26:27 2026
</zhome/15/2/217301> was used as the home directory.
</zhome/15/2/217301/desktop/Fagprojekt---Group-Equivariance> was used as the working directory.
Started at Wed Jun 17 14:26:27 2026
Terminated at Wed Jun 17 14:34:21 2026
Results reported at Wed Jun 17 14:34:21 2026

Your job looked like:

------------------------------------------------------------
# LSBATCH: User input
#!/bin/sh
### Per-CELL job template for the datasize x channels grid (CNN vs GE-CNN).
### One job handles one cell: TRAIN_FRACTION and CHANNELS are set via -env at submit.
### Outputs land in reports/param_datasize_2/datasize_<f>/channels_<c>/.
### Submit ALL 30 cells with:   bash src/submit_param_datasize_v3.sh
### Or one cell manually:
###   bsub -J pd_0.05_8 \
###        -o reports/param_datasize_2/datasize_0.05/channels_8/lsf_%J.out \
###        -e reports/param_datasize_2/datasize_0.05/channels_8/lsf_%J.err \
###        -env "all, TRAIN_FRACTION=0.05, CHANNELS=8" < src/run_param_datasize_v3.sh
#BSUB -q gpuv100
#BSUB -J param_datasize_v3
#BSUB -n 4
#BSUB -R "span[hosts=1]"
#BSUB -R "rusage[mem=8GB]"
#BSUB -gpu "num=1:mode=exclusive_process"
#BSUB -W 4:00

cd /zhome/15/2/217301/desktop/Fagprojekt---Group-Equivariance
echo "TRAIN_FRACTION=${TRAIN_FRACTION:-unset} CHANNELS=${CHANNELS:-unset}"
nvidia-smi || true
~/.local/bin/uv run python src/test_parameters_datasize_v3.py

------------------------------------------------------------

Successfully completed.

Resource usage summary:

    CPU time :                                   1351.00 sec.
    Max Memory :                                 981 MB
    Average Memory :                             916.40 MB
    Total Requested Memory :                     32768.00 MB
    Delta Memory :                               31787.00 MB
    Max Swap :                                   -
    Max Processes :                              9
    Max Threads :                                24
    Run time :                                   474 sec.
    Turnaround time :                            2099 sec.

The output (if any) is above this job summary.



PS:

Read file </zhome/15/2/217301/desktop/Fagprojekt---Group-Equivariance/reports/param_datasize_2/datasize_0.005/channels_4/lsf_28682514.err> for stderr output of this job.

