TRAIN_FRACTION=0.05
Tue Jun 16 23:57:48 2026       
+-----------------------------------------------------------------------------------------+
| NVIDIA-SMI 580.159.04             Driver Version: 580.159.04     CUDA Version: 13.0     |
+-----------------------------------------+------------------------+----------------------+
| GPU  Name                 Persistence-M | Bus-Id          Disp.A | Volatile Uncorr. ECC |
| Fan  Temp   Perf          Pwr:Usage/Cap |           Memory-Usage | GPU-Util  Compute M. |
|                                         |                        |               MIG M. |
|=========================================+========================+======================|
|   0  Tesla V100-PCIE-32GB           On  |   00000000:58:00.0 Off |                    0 |
| N/A   39C    P0             43W /  250W |       0MiB /  32768MiB |      0%   E. Process |
|                                         |                        |                  N/A |
+-----------------------------------------+------------------------+----------------------+

+-----------------------------------------------------------------------------------------+
| Processes:                                                                              |
|  GPU   GI   CI              PID   Type   Process name                        GPU Memory |
|        ID   ID                                                               Usage      |
|=========================================================================================|
|  No running processes found                                                             |
+-----------------------------------------------------------------------------------------+
Device: cuda, seeds=[0, 1, 2, 3, 4, 5, 6, 7, 8, 9], epochs=60
GPU: Tesla V100-PCIE-32GB

SEED 0
  [seed 0] training CNN (128,522 params)
Model finished training, test loss is 19.658570504760743, test acc: 0.1945
  [seed 0] training GE_CNN (133,234 params)
Model finished training, test loss is 4.8314336418151855, test acc: 0.4056

SEED 1
  [seed 1] training CNN (128,522 params)
Model finished training, test loss is 19.137617517089843, test acc: 0.2043
  [seed 1] training GE_CNN (133,234 params)
Model finished training, test loss is 5.234361595916749, test acc: 0.40890000000000004

SEED 2
  [seed 2] training CNN (128,522 params)
Model finished training, test loss is 20.70072246398926, test acc: 0.1996
  [seed 2] training GE_CNN (133,234 params)
Model finished training, test loss is 4.598368411254883, test acc: 0.4001

SEED 3
  [seed 3] training CNN (128,522 params)
Model finished training, test loss is 24.138651669311525, test acc: 0.19190000000000002
  [seed 3] training GE_CNN (133,234 params)
Model finished training, test loss is 4.397052616882324, test acc: 0.39

SEED 4
  [seed 4] training CNN (128,522 params)
Model finished training, test loss is 16.13344196472168, test acc: 0.199
  [seed 4] training GE_CNN (133,234 params)
Model finished training, test loss is 5.142748768615723, test acc: 0.3915

SEED 5
  [seed 5] training CNN (128,522 params)
Model finished training, test loss is 20.358864749145507, test acc: 0.2003
  [seed 5] training GE_CNN (133,234 params)
Model finished training, test loss is 4.53270714263916, test acc: 0.3934

SEED 6
  [seed 6] training CNN (128,522 params)
Model finished training, test loss is 20.104056719970703, test acc: 0.2056
  [seed 6] training GE_CNN (133,234 params)
Model finished training, test loss is 4.405844380569458, test acc: 0.4098

SEED 7
  [seed 7] training CNN (128,522 params)
Model finished training, test loss is 20.119233169555667, test acc: 0.2064
  [seed 7] training GE_CNN (133,234 params)
Model finished training, test loss is 4.392661164093018, test acc: 0.39740000000000003

SEED 8
  [seed 8] training CNN (128,522 params)
Model finished training, test loss is 20.980276980590823, test acc: 0.2
  [seed 8] training GE_CNN (133,234 params)
Model finished training, test loss is 4.084598830795288, test acc: 0.4172

SEED 9
  [seed 9] training CNN (128,522 params)
Model finished training, test loss is 21.24228844909668, test acc: 0.20570000000000002
  [seed 9] training GE_CNN (133,234 params)
Model finished training, test loss is 4.183099057006836, test acc: 0.42110000000000003

Aggregate (mean +/- std over seeds)
  CNN     train_acc        0.9896 +/- 0.0062
  CNN     test_rot_acc     0.2007 +/- 0.0049
  CNN     test_unrot_acc   0.8470 +/- 0.0084
  GE_CNN  train_acc        0.8634 +/- 0.0211
  GE_CNN  test_rot_acc     0.4035 +/- 0.0108
  GE_CNN  test_unrot_acc   0.7599 +/- 0.0085

All outputs written to /zhome/15/2/217301/desktop/Fagprojekt---Group-Equivariance/reports/unrot_rot/frac_0.05
  aggregate.json
  aggregate.pt
  final_accuracy_bars.png
  learning_curves.png
  lsf_28680362.err
  lsf_28680362.out
  robustness_gap.png

------------------------------------------------------------
Sender: LSF System <lsfadmin@hpc.dtu.dk>
Subject: Job 28680362: <ur_0.05> in cluster <dcc> Done

Job <ur_0.05> was submitted from host <n-62-30-2> by user <s245109> in cluster <dcc> at Tue Jun 16 23:47:56 2026
Job was executed on host(s) <4*n-62-20-13>, in queue <gpuv100>, as user <s245109> in cluster <dcc> at Tue Jun 16 23:57:47 2026
</zhome/15/2/217301> was used as the home directory.
</zhome/15/2/217301/desktop/Fagprojekt---Group-Equivariance> was used as the working directory.
Started at Tue Jun 16 23:57:47 2026
Terminated at Wed Jun 17 00:40:34 2026
Results reported at Wed Jun 17 00:40:34 2026

Your job looked like:

------------------------------------------------------------
# LSBATCH: User input
#!/bin/sh
### Train-unrot / test-rot DATASIZE SWEEP: one job per TRAIN_FRACTION (set via env at submit).
### Outputs land in reports/unrot_rot/frac_<f>/ (PNGs, aggregate.json/pt, LSF logs).
### GE-CNN is param-matched to CNN (l=3, ch=8, rings=4 ~ 133k ~ CNN ch=16 128k).
### Submit ALL fractions with:   bash src/submit_unrot_rot_frac.sh
### Or one fraction manually:
###   bsub -J ur_0.05 -o reports/unrot_rot/frac_0.05/lsf_%J.out \
###        -e reports/unrot_rot/frac_0.05/lsf_%J.err \
###        -env "all, TRAIN_FRACTION=0.05" < src/run_unrot_rot_frac.sh
#BSUB -q gpuv100
#BSUB -J unrot_rot_frac
#BSUB -n 4
#BSUB -R "span[hosts=1]"
#BSUB -R "rusage[mem=8GB]"
#BSUB -gpu "num=1:mode=exclusive_process"
#BSUB -W 24:00

cd /zhome/15/2/217301/desktop/Fagprojekt---Group-Equivariance
echo "TRAIN_FRACTION=${TRAIN_FRACTION:-unset}"
nvidia-smi || true
~/.local/bin/uv run python src/train_unrot_test_rot.py

------------------------------------------------------------

Successfully completed.

Resource usage summary:

    CPU time :                                   2564.00 sec.
    Max Memory :                                 1229 MB
    Average Memory :                             1048.10 MB
    Total Requested Memory :                     32768.00 MB
    Delta Memory :                               31539.00 MB
    Max Swap :                                   -
    Max Processes :                              5
    Max Threads :                                13
    Run time :                                   2567 sec.
    Turnaround time :                            3158 sec.

The output (if any) is above this job summary.



PS:

Read file </zhome/15/2/217301/desktop/Fagprojekt---Group-Equivariance/reports/unrot_rot/frac_0.05/lsf_28680362.err> for stderr output of this job.

