TRAIN_FRACTION=0.005 CHANNELS=2
Wed Jun 17 14:16:34 2026       
+-----------------------------------------------------------------------------------------+
| NVIDIA-SMI 580.159.04             Driver Version: 580.159.04     CUDA Version: 13.0     |
+-----------------------------------------+------------------------+----------------------+
| GPU  Name                 Persistence-M | Bus-Id          Disp.A | Volatile Uncorr. ECC |
| Fan  Temp   Perf          Pwr:Usage/Cap |           Memory-Usage | GPU-Util  Compute M. |
|                                         |                        |               MIG M. |
|=========================================+========================+======================|
|   0  Tesla V100-PCIE-32GB           On  |   00000000:58:00.0 Off |                    0 |
| N/A   63C    P0             58W /  250W |       0MiB /  32768MiB |      0%   E. Process |
|                                         |                        |                  N/A |
+-----------------------------------------+------------------------+----------------------+

+-----------------------------------------------------------------------------------------+
| Processes:                                                                              |
|  GPU   GI   CI              PID   Type   Process name                        GPU Memory |
|        ID   ID                                                               Usage      |
|=========================================================================================|
|  No running processes found                                                             |
+-----------------------------------------------------------------------------------------+
Device: cuda | SMOKE=False | datasize=0.005 | channels=2 | seeds=[0, 1, 2, 3, 4, 5, 6, 7, 8, 9, 10, 11, 12, 13, 14] | max_epochs=100 | patience=10 | img=40
GPU: Tesla V100-PCIE-32GB

CNN: 9,074 params (channels=2)
  [seed 0] best_epoch= 22  test_acc=0.3775  (n_train=300)
  [seed 1] best_epoch= 40  test_acc=0.3470  (n_train=300)
  [seed 2] best_epoch= 32  test_acc=0.3980  (n_train=300)
  [seed 3] best_epoch= 40  test_acc=0.3725  (n_train=300)
  [seed 4] best_epoch= 39  test_acc=0.4015  (n_train=300)
  [seed 5] best_epoch= 26  test_acc=0.4110  (n_train=300)
  [seed 6] best_epoch= 44  test_acc=0.3770  (n_train=300)
  [seed 7] best_epoch= 43  test_acc=0.4405  (n_train=300)
  [seed 8] best_epoch= 42  test_acc=0.4125  (n_train=300)
  [seed 9] best_epoch= 39  test_acc=0.3970  (n_train=300)
  [seed 10] best_epoch= 48  test_acc=0.4215  (n_train=300)
  [seed 11] best_epoch= 51  test_acc=0.4200  (n_train=300)
  [seed 12] best_epoch= 45  test_acc=0.3915  (n_train=300)
  [seed 13] best_epoch= 43  test_acc=0.3905  (n_train=300)
  [seed 14] best_epoch= 51  test_acc=0.4070  (n_train=300)
  CNN: test_acc 0.3977 +/- 0.0232  ->  /zhome/15/2/217301/desktop/Fagprojekt---Group-Equivariance/reports/param_datasize_2/CNN/datasize_0.005/channels_2

GE_CNN: 7,400 params (channels=2)
  [seed 0] best_epoch= 90  test_acc=0.5595  (n_train=300)
  [seed 1] best_epoch= 54  test_acc=0.5540  (n_train=300)
  [seed 2] best_epoch= 68  test_acc=0.5055  (n_train=300)
  [seed 3] best_epoch= 76  test_acc=0.5070  (n_train=300)
  [seed 4] best_epoch= 82  test_acc=0.5300  (n_train=300)
  [seed 5] best_epoch= 72  test_acc=0.5330  (n_train=300)
  [seed 6] best_epoch= 80  test_acc=0.5415  (n_train=300)
  [seed 7] best_epoch= 92  test_acc=0.5475  (n_train=300)
  [seed 8] best_epoch= 38  test_acc=0.5370  (n_train=300)
  [seed 9] best_epoch= 96  test_acc=0.5280  (n_train=300)
  [seed 10] best_epoch= 41  test_acc=0.4470  (n_train=300)
  [seed 11] best_epoch= 76  test_acc=0.5150  (n_train=300)
  [seed 12] best_epoch=100  test_acc=0.5435  (n_train=300)
  [seed 13] best_epoch= 78  test_acc=0.5370  (n_train=300)
  [seed 14] best_epoch= 50  test_acc=0.4930  (n_train=300)
  GE_CNN: test_acc 0.5252 +/- 0.0286  ->  /zhome/15/2/217301/desktop/Fagprojekt---Group-Equivariance/reports/param_datasize_2/GE_CNN/datasize_0.005/channels_2

Done. Cell datasize_0.005/channels_2 outputs under /zhome/15/2/217301/desktop/Fagprojekt---Group-Equivariance/reports/param_datasize_2/<MODEL>/

------------------------------------------------------------
Sender: LSF System <lsfadmin@hpc.dtu.dk>
Subject: Job 28682513: <pd_0.005_2> in cluster <dcc> Done

Job <pd_0.005_2> was submitted from host <n-62-30-4> by user <s245109> in cluster <dcc> at Wed Jun 17 13:59:22 2026
Job was executed on host(s) <4*n-62-11-14>, in queue <gpuv100>, as user <s245109> in cluster <dcc> at Wed Jun 17 14:16:33 2026
</zhome/15/2/217301> was used as the home directory.
</zhome/15/2/217301/desktop/Fagprojekt---Group-Equivariance> was used as the working directory.
Started at Wed Jun 17 14:16:33 2026
Terminated at Wed Jun 17 14:26:25 2026
Results reported at Wed Jun 17 14:26:25 2026

Your job looked like:

------------------------------------------------------------
# LSBATCH: User input
#!/bin/sh
### Per-CELL job template for the datasize x channels grid (CNN vs GE-CNN).
### One job handles one cell: TRAIN_FRACTION and CHANNELS are set via -env at submit.
### Outputs land in reports/param_datasize_2/datasize_<f>/channels_<c>/.
### Submit ALL 30 cells with:   bash src/submit_param_datasize_v3.sh
### Or one cell manually:
###   bsub -J pd_0.05_8 \
###        -o reports/param_datasize_2/datasize_0.05/channels_8/lsf_%J.out \
###        -e reports/param_datasize_2/datasize_0.05/channels_8/lsf_%J.err \
###        -env "all, TRAIN_FRACTION=0.05, CHANNELS=8" < src/run_param_datasize_v3.sh
#BSUB -q gpuv100
#BSUB -J param_datasize_v3
#BSUB -n 4
#BSUB -R "span[hosts=1]"
#BSUB -R "rusage[mem=8GB]"
#BSUB -gpu "num=1:mode=exclusive_process"
#BSUB -W 4:00

cd /zhome/15/2/217301/desktop/Fagprojekt---Group-Equivariance
echo "TRAIN_FRACTION=${TRAIN_FRACTION:-unset} CHANNELS=${CHANNELS:-unset}"
nvidia-smi || true
~/.local/bin/uv run python src/test_parameters_datasize_v3.py

------------------------------------------------------------

Successfully completed.

Resource usage summary:

    CPU time :                                   1824.00 sec.
    Max Memory :                                 987 MB
    Average Memory :                             923.17 MB
    Total Requested Memory :                     32768.00 MB
    Delta Memory :                               31781.00 MB
    Max Swap :                                   -
    Max Processes :                              9
    Max Threads :                                26
    Run time :                                   592 sec.
    Turnaround time :                            1623 sec.

The output (if any) is above this job summary.



PS:

Read file </zhome/15/2/217301/desktop/Fagprojekt---Group-Equivariance/reports/param_datasize_2/datasize_0.005/channels_2/lsf_28682513.err> for stderr output of this job.

