Exception ignored in: <function _releaseLock at 0x7f5f7872efc0>
Traceback (most recent call last):
  File "/zhome/15/2/217301/.local/share/uv/python/cpython-3.12.13-linux-x86_64-gnu/lib/python3.12/logging/__init__.py", line 243, in _releaseLock
    def _releaseLock():
    
KeyboardInterrupt: 
Traceback (most recent call last):
  File "/zhome/15/2/217301/desktop/Fagprojekt---Group-Equivariance/src/test_parameters_datasize_v3.py", line 275, in <module>
    main()
  File "/zhome/15/2/217301/desktop/Fagprojekt---Group-Equivariance/src/test_parameters_datasize_v3.py", line 243, in main
    pc_test  = per_class_accuracy(model, test_final_loader, DEVICE)
               ^^^^^^^^^^^^^^^^^^^^^^^^^^^^^^^^^^^^^^^^^^^^^^^^^^^^
  File "/zhome/15/2/217301/desktop/Fagprojekt---Group-Equivariance/src/test_parameters_datasize_v3.py", line 185, in per_class_accuracy
    for images, labels, _ in loader:
                             ^^^^^^
  File "/zhome/15/2/217301/desktop/Fagprojekt---Group-Equivariance/.venv/lib/python3.12/site-packages/torch/utils/data/dataloader.py", line 708, in __next__
    data = self._next_data()
           ^^^^^^^^^^^^^^^^^
  File "/zhome/15/2/217301/desktop/Fagprojekt---Group-Equivariance/.venv/lib/python3.12/site-packages/torch/utils/data/dataloader.py", line 1458, in _next_data
    idx, data = self._get_data()
                ^^^^^^^^^^^^^^^^
  File "/zhome/15/2/217301/desktop/Fagprojekt---Group-Equivariance/.venv/lib/python3.12/site-packages/torch/utils/data/dataloader.py", line 1420, in _get_data
    success, data = self._try_get_data()
                    ^^^^^^^^^^^^^^^^^^^^
  File "/zhome/15/2/217301/desktop/Fagprojekt---Group-Equivariance/.venv/lib/python3.12/site-packages/torch/utils/data/dataloader.py", line 1251, in _try_get_data
    data = self._data_queue.get(timeout=timeout)
           ^^^^^^^^^^^^^^^^^^^^^^^^^^^^^^^^^^^^^
  File "/zhome/15/2/217301/.local/share/uv/python/cpython-3.12.13-linux-x86_64-gnu/lib/python3.12/multiprocessing/queues.py", line 113, in get
    if not self._poll(timeout):
           ^^^^^^^^^^^^^^^^^^^
  File "/zhome/15/2/217301/.local/share/uv/python/cpython-3.12.13-linux-x86_64-gnu/lib/python3.12/multiprocessing/connection.py", line 257, in poll
    return self._poll(timeout)
           ^^^^^^^^^^^^^^^^^^^
  File "/zhome/15/2/217301/.local/share/uv/python/cpython-3.12.13-linux-x86_64-gnu/lib/python3.12/multiprocessing/connection.py", line 440, in _poll
    r = wait([self], timeout)
        ^^^^^^^^^^^^^^^^^^^^^
  File "/zhome/15/2/217301/.local/share/uv/python/cpython-3.12.13-linux-x86_64-gnu/lib/python3.12/multiprocessing/connection.py", line 1136, in wait
    ready = selector.select(timeout)
            ^^^^^^^^^^^^^^^^^^^^^^^^
  File "/zhome/15/2/217301/.local/share/uv/python/cpython-3.12.13-linux-x86_64-gnu/lib/python3.12/selectors.py", line 415, in select
    fd_event_list = self._selector.poll(timeout)
                    ^^^^^^^^^^^^^^^^^^^^^^^^^^^^
KeyboardInterrupt
