TRAIN_FRACTION=0.03 CHANNELS=8
Wed Jun 17 23:11:49 2026       
+-----------------------------------------------------------------------------------------+
| NVIDIA-SMI 595.71.05              Driver Version: 595.71.05      CUDA Version: 13.2     |
+-----------------------------------------+------------------------+----------------------+
| GPU  Name                 Persistence-M | Bus-Id          Disp.A | Volatile Uncorr. ECC |
| Fan  Temp   Perf          Pwr:Usage/Cap |           Memory-Usage | GPU-Util  Compute M. |
|                                         |                        |               MIG M. |
|=========================================+========================+======================|
|   0  NVIDIA L40S                    On  |   00000000:41:00.0 Off |                    0 |
| N/A   42C    P0             74W /  350W |       0MiB /  46068MiB |      0%   E. Process |
|                                         |                        |                  N/A |
+-----------------------------------------+------------------------+----------------------+

+-----------------------------------------------------------------------------------------+
| Processes:                                                                              |
|  GPU   GI   CI              PID   Type   Process name                        GPU Memory |
|        ID   ID                                                               Usage      |
|=========================================================================================|
|  No running processes found                                                             |
+-----------------------------------------------------------------------------------------+
Device: cuda | SMOKE=False | datasize=0.03 | channels=8 | seeds=[0, 1, 2, 3, 4, 5, 6, 7, 8, 9, 10, 11, 12, 13, 14] | max_epochs=100 | patience=10 | img=40
GPU: NVIDIA L40S

CNN: 48,266 params (channels=8)
  [seed 0] best_epoch= 28  test_acc=0.5800  (n_train=1800)
  [seed 1] best_epoch= 20  test_acc=0.5930  (n_train=1800)
  [seed 2] best_epoch= 24  test_acc=0.5930  (n_train=1800)
  [seed 3] best_epoch= 30  test_acc=0.5835  (n_train=1800)
  [seed 4] best_epoch= 21  test_acc=0.5645  (n_train=1800)
  [seed 5] best_epoch= 17  test_acc=0.5790  (n_train=1800)
  [seed 6] best_epoch= 24  test_acc=0.5700  (n_train=1800)
  [seed 7] best_epoch= 22  test_acc=0.5725  (n_train=1800)
  [seed 8] best_epoch= 27  test_acc=0.5785  (n_train=1800)
  [seed 9] best_epoch= 21  test_acc=0.5805  (n_train=1800)
  [seed 10] best_epoch= 30  test_acc=0.5855  (n_train=1800)
  [seed 11] best_epoch= 25  test_acc=0.6170  (n_train=1800)
  [seed 12] best_epoch= 26  test_acc=0.5870  (n_train=1800)
  [seed 13] best_epoch= 21  test_acc=0.5800  (n_train=1800)
  [seed 14] best_epoch= 29  test_acc=0.5715  (n_train=1800)
  CNN: test_acc 0.5824 +/- 0.0125  ->  /zhome/15/2/217301/desktop/Fagprojekt---Group-Equivariance/reports/param_datasize_2/CNN/datasize_0.03/channels_8

GE_CNN: 101,570 params (channels=8)
  [seed 0] best_epoch= 22  test_acc=0.5975  (n_train=1800)
  [seed 1] best_epoch= 33  test_acc=0.6195  (n_train=1800)
  [seed 2] best_epoch= 29  test_acc=0.6155  (n_train=1800)
  [seed 3] best_epoch= 34  test_acc=0.6295  (n_train=1800)
  [seed 4] best_epoch= 62  test_acc=0.6390  (n_train=1800)
  [seed 5] best_epoch= 42  test_acc=0.6000  (n_train=1800)
  [seed 6] best_epoch= 25  test_acc=0.6290  (n_train=1800)
  [seed 7] best_epoch= 51  test_acc=0.6085  (n_train=1800)
  [seed 8] best_epoch= 27  test_acc=0.6155  (n_train=1800)
  [seed 9] best_epoch= 30  test_acc=0.6395  (n_train=1800)
  [seed 10] best_epoch= 56  test_acc=0.6445  (n_train=1800)
  [seed 11] best_epoch= 31  test_acc=0.6475  (n_train=1800)
  [seed 12] best_epoch= 10  test_acc=0.5430  (n_train=1800)
  [seed 13] best_epoch= 27  test_acc=0.6185  (n_train=1800)
  [seed 14] best_epoch= 52  test_acc=0.6500  (n_train=1800)
  GE_CNN: test_acc 0.6198 +/- 0.0270  ->  /zhome/15/2/217301/desktop/Fagprojekt---Group-Equivariance/reports/param_datasize_2/GE_CNN/datasize_0.03/channels_8

Done. Cell datasize_0.03/channels_8 outputs under /zhome/15/2/217301/desktop/Fagprojekt---Group-Equivariance/reports/param_datasize_2/<MODEL>/

------------------------------------------------------------
Sender: LSF System <lsfadmin@hpc.dtu.dk>
Subject: Job 28682908: <pd_0.03_8> in cluster <dcc> Done

Job <pd_0.03_8> was submitted from host <n-62-30-4> by user <s245109> in cluster <dcc> at Wed Jun 17 14:36:27 2026
Job was executed on host(s) <4*n-62-13-17>, in queue <gpul40s>, as user <s245109> in cluster <dcc> at Wed Jun 17 23:11:47 2026
</zhome/15/2/217301> was used as the home directory.
</zhome/15/2/217301/desktop/Fagprojekt---Group-Equivariance> was used as the working directory.
Started at Wed Jun 17 23:11:47 2026
Terminated at Wed Jun 17 23:25:53 2026
Results reported at Wed Jun 17 23:25:53 2026

Your job looked like:

------------------------------------------------------------
# LSBATCH: User input
#!/bin/sh
### Per-CELL job template for the datasize x channels grid (CNN vs GE-CNN).
### One job handles one cell: TRAIN_FRACTION and CHANNELS are set via -env at submit.
### Outputs land in reports/param_datasize_2/datasize_<f>/channels_<c>/.
### Submit ALL 30 cells with:   bash src/submit_param_datasize_v3.sh
### Or one cell manually:
###   bsub -J pd_0.05_8 \
###        -o reports/param_datasize_2/datasize_0.05/channels_8/lsf_%J.out \
###        -e reports/param_datasize_2/datasize_0.05/channels_8/lsf_%J.err \
###        -env "all, TRAIN_FRACTION=0.05, CHANNELS=8" < src/run_param_datasize_v3.sh
#BSUB -q gpuv100
#BSUB -J param_datasize_v3
#BSUB -n 4
#BSUB -R "span[hosts=1]"
#BSUB -R "rusage[mem=8GB]"
#BSUB -gpu "num=1:mode=exclusive_process"
#BSUB -W 4:00

cd /zhome/15/2/217301/desktop/Fagprojekt---Group-Equivariance
echo "TRAIN_FRACTION=${TRAIN_FRACTION:-unset} CHANNELS=${CHANNELS:-unset}"
nvidia-smi || true
~/.local/bin/uv run python src/test_parameters_datasize_v3.py

------------------------------------------------------------

Successfully completed.

Resource usage summary:

    CPU time :                                   1941.00 sec.
    Max Memory :                                 1106 MB
    Average Memory :                             1036.62 MB
    Total Requested Memory :                     32768.00 MB
    Delta Memory :                               31662.00 MB
    Max Swap :                                   -
    Max Processes :                              9
    Max Threads :                                30
    Run time :                                   846 sec.
    Turnaround time :                            31766 sec.

The output (if any) is above this job summary.



PS:

Read file </zhome/15/2/217301/desktop/Fagprojekt---Group-Equivariance/reports/param_datasize_2/datasize_0.03/channels_8/lsf_28682908.err> for stderr output of this job.

