TRAIN_FRACTION=0.1 CHANNELS=2
Thu Jun 18 00:17:35 2026       
+-----------------------------------------------------------------------------------------+
| NVIDIA-SMI 595.71.05              Driver Version: 595.71.05      CUDA Version: 13.2     |
+-----------------------------------------+------------------------+----------------------+
| GPU  Name                 Persistence-M | Bus-Id          Disp.A | Volatile Uncorr. ECC |
| Fan  Temp   Perf          Pwr:Usage/Cap |           Memory-Usage | GPU-Util  Compute M. |
|                                         |                        |               MIG M. |
|=========================================+========================+======================|
|   0  NVIDIA L40S                    On  |   00000000:41:00.0 Off |                    0 |
| N/A   41C    P0             66W /  350W |       0MiB /  46068MiB |      0%   E. Process |
|                                         |                        |                  N/A |
+-----------------------------------------+------------------------+----------------------+

+-----------------------------------------------------------------------------------------+
| Processes:                                                                              |
|  GPU   GI   CI              PID   Type   Process name                        GPU Memory |
|        ID   ID                                                               Usage      |
|=========================================================================================|
|  No running processes found                                                             |
+-----------------------------------------------------------------------------------------+
Device: cuda | SMOKE=False | datasize=0.1 | channels=2 | seeds=[0, 1, 2, 3, 4, 5, 6, 7, 8, 9, 10, 11, 12, 13, 14] | max_epochs=100 | patience=10 | img=40
GPU: NVIDIA L40S

CNN: 9,074 params (channels=2)
  [seed 0] best_epoch= 45  test_acc=0.6190  (n_train=6000)
  [seed 1] best_epoch= 42  test_acc=0.6390  (n_train=6000)
  [seed 2] best_epoch= 53  test_acc=0.6420  (n_train=6000)
  [seed 3] best_epoch= 43  test_acc=0.6355  (n_train=6000)
  [seed 4] best_epoch= 53  test_acc=0.6445  (n_train=6000)
  [seed 5] best_epoch= 42  test_acc=0.6230  (n_train=6000)
  [seed 6] best_epoch= 58  test_acc=0.6010  (n_train=6000)
  [seed 7] best_epoch= 72  test_acc=0.6540  (n_train=6000)
  [seed 8] best_epoch= 30  test_acc=0.6290  (n_train=6000)
  [seed 9] best_epoch= 44  test_acc=0.6385  (n_train=6000)
  [seed 10] best_epoch= 63  test_acc=0.6615  (n_train=6000)
  [seed 11] best_epoch= 50  test_acc=0.6320  (n_train=6000)
  [seed 12] best_epoch= 53  test_acc=0.6410  (n_train=6000)
  [seed 13] best_epoch= 42  test_acc=0.6395  (n_train=6000)
  [seed 14] best_epoch= 54  test_acc=0.6495  (n_train=6000)
  CNN: test_acc 0.6366 +/- 0.0148  ->  /zhome/15/2/217301/desktop/Fagprojekt---Group-Equivariance/reports/param_datasize_2/CNN/datasize_0.1/channels_2

GE_CNN: 7,400 params (channels=2)
  [seed 0] best_epoch= 59  test_acc=0.6800  (n_train=6000)
  [seed 1] best_epoch= 60  test_acc=0.6695  (n_train=6000)
  [seed 2] best_epoch= 58  test_acc=0.6720  (n_train=6000)
  [seed 3] best_epoch= 82  test_acc=0.6970  (n_train=6000)
  [seed 4] best_epoch= 65  test_acc=0.6660  (n_train=6000)
  [seed 5] best_epoch= 42  test_acc=0.6675  (n_train=6000)
  [seed 6] best_epoch= 47  test_acc=0.6710  (n_train=6000)
  [seed 7] best_epoch= 29  test_acc=0.6165  (n_train=6000)
  [seed 8] best_epoch= 46  test_acc=0.6590  (n_train=6000)
  [seed 9] best_epoch= 37  test_acc=0.6490  (n_train=6000)
  [seed 10] best_epoch= 86  test_acc=0.6770  (n_train=6000)
  [seed 11] best_epoch= 66  test_acc=0.6745  (n_train=6000)
  [seed 12] best_epoch= 66  test_acc=0.6775  (n_train=6000)
  [seed 13] best_epoch= 63  test_acc=0.6810  (n_train=6000)
  [seed 14] best_epoch= 44  test_acc=0.6790  (n_train=6000)
  GE_CNN: test_acc 0.6691 +/- 0.0181  ->  /zhome/15/2/217301/desktop/Fagprojekt---Group-Equivariance/reports/param_datasize_2/GE_CNN/datasize_0.1/channels_2

Done. Cell datasize_0.1/channels_2 outputs under /zhome/15/2/217301/desktop/Fagprojekt---Group-Equivariance/reports/param_datasize_2/<MODEL>/

------------------------------------------------------------
Sender: LSF System <lsfadmin@hpc.dtu.dk>
Subject: Job 28682916: <pd_0.1_2> in cluster <dcc> Done

Job <pd_0.1_2> was submitted from host <n-62-30-4> by user <s245109> in cluster <dcc> at Wed Jun 17 14:36:29 2026
Job was executed on host(s) <4*n-62-13-16>, in queue <gpul40s>, as user <s245109> in cluster <dcc> at Thu Jun 18 00:17:33 2026
</zhome/15/2/217301> was used as the home directory.
</zhome/15/2/217301/desktop/Fagprojekt---Group-Equivariance> was used as the working directory.
Started at Thu Jun 18 00:17:33 2026
Terminated at Thu Jun 18 00:39:09 2026
Results reported at Thu Jun 18 00:39:09 2026

Your job looked like:

------------------------------------------------------------
# LSBATCH: User input
#!/bin/sh
### Per-CELL job template for the datasize x channels grid (CNN vs GE-CNN).
### One job handles one cell: TRAIN_FRACTION and CHANNELS are set via -env at submit.
### Outputs land in reports/param_datasize_2/datasize_<f>/channels_<c>/.
### Submit ALL 30 cells with:   bash src/submit_param_datasize_v3.sh
### Or one cell manually:
###   bsub -J pd_0.05_8 \
###        -o reports/param_datasize_2/datasize_0.05/channels_8/lsf_%J.out \
###        -e reports/param_datasize_2/datasize_0.05/channels_8/lsf_%J.err \
###        -env "all, TRAIN_FRACTION=0.05, CHANNELS=8" < src/run_param_datasize_v3.sh
#BSUB -q gpuv100
#BSUB -J param_datasize_v3
#BSUB -n 4
#BSUB -R "span[hosts=1]"
#BSUB -R "rusage[mem=8GB]"
#BSUB -gpu "num=1:mode=exclusive_process"
#BSUB -W 4:00

cd /zhome/15/2/217301/desktop/Fagprojekt---Group-Equivariance
echo "TRAIN_FRACTION=${TRAIN_FRACTION:-unset} CHANNELS=${CHANNELS:-unset}"
nvidia-smi || true
~/.local/bin/uv run python src/test_parameters_datasize_v3.py

------------------------------------------------------------

Successfully completed.

Resource usage summary:

    CPU time :                                   3344.00 sec.
    Max Memory :                                 1124 MB
    Average Memory :                             1051.27 MB
    Total Requested Memory :                     32768.00 MB
    Delta Memory :                               31644.00 MB
    Max Swap :                                   -
    Max Processes :                              9
    Max Threads :                                30
    Run time :                                   1295 sec.
    Turnaround time :                            36160 sec.

The output (if any) is above this job summary.



PS:

Read file </zhome/15/2/217301/desktop/Fagprojekt---Group-Equivariance/reports/param_datasize_2/datasize_0.1/channels_2/lsf_28682916.err> for stderr output of this job.

