TRAIN_FRACTION=0.05 CHANNELS=8
Wed Jun 17 23:56:31 2026       
+-----------------------------------------------------------------------------------------+
| NVIDIA-SMI 595.71.05              Driver Version: 595.71.05      CUDA Version: 13.2     |
+-----------------------------------------+------------------------+----------------------+
| GPU  Name                 Persistence-M | Bus-Id          Disp.A | Volatile Uncorr. ECC |
| Fan  Temp   Perf          Pwr:Usage/Cap |           Memory-Usage | GPU-Util  Compute M. |
|                                         |                        |               MIG M. |
|=========================================+========================+======================|
|   0  NVIDIA L40S                    On  |   00000000:A1:00.0 Off |                    0 |
| N/A   41C    P0             69W /  350W |       0MiB /  46068MiB |      0%   E. Process |
|                                         |                        |                  N/A |
+-----------------------------------------+------------------------+----------------------+

+-----------------------------------------------------------------------------------------+
| Processes:                                                                              |
|  GPU   GI   CI              PID   Type   Process name                        GPU Memory |
|        ID   ID                                                               Usage      |
|=========================================================================================|
|  No running processes found                                                             |
+-----------------------------------------------------------------------------------------+
Device: cuda | SMOKE=False | datasize=0.05 | channels=8 | seeds=[0, 1, 2, 3, 4, 5, 6, 7, 8, 9, 10, 11, 12, 13, 14] | max_epochs=100 | patience=10 | img=40
GPU: NVIDIA L40S

CNN: 48,266 params (channels=8)
  [seed 0] best_epoch= 21  test_acc=0.6170  (n_train=3000)
  [seed 1] best_epoch= 20  test_acc=0.6140  (n_train=3000)
  [seed 2] best_epoch= 23  test_acc=0.6175  (n_train=3000)
  [seed 3] best_epoch= 19  test_acc=0.6375  (n_train=3000)
  [seed 4] best_epoch= 15  test_acc=0.6120  (n_train=3000)
  [seed 5] best_epoch= 17  test_acc=0.6295  (n_train=3000)
  [seed 6] best_epoch= 23  test_acc=0.6215  (n_train=3000)
  [seed 7] best_epoch= 22  test_acc=0.6405  (n_train=3000)
  [seed 8] best_epoch= 25  test_acc=0.6385  (n_train=3000)
  [seed 9] best_epoch= 29  test_acc=0.6615  (n_train=3000)
  [seed 10] best_epoch= 18  test_acc=0.6400  (n_train=3000)
  [seed 11] best_epoch= 24  test_acc=0.6295  (n_train=3000)
  [seed 12] best_epoch= 20  test_acc=0.6230  (n_train=3000)
  [seed 13] best_epoch= 24  test_acc=0.6295  (n_train=3000)
  [seed 14] best_epoch= 21  test_acc=0.6240  (n_train=3000)
  CNN: test_acc 0.6290 +/- 0.0130  ->  /zhome/15/2/217301/desktop/Fagprojekt---Group-Equivariance/reports/param_datasize_2/CNN/datasize_0.05/channels_8

GE_CNN: 101,570 params (channels=8)
  [seed 0] best_epoch= 44  test_acc=0.6725  (n_train=3000)
  [seed 1] best_epoch= 37  test_acc=0.6765  (n_train=3000)
  [seed 2] best_epoch= 41  test_acc=0.6595  (n_train=3000)
  [seed 3] best_epoch= 26  test_acc=0.6475  (n_train=3000)
  [seed 4] best_epoch= 40  test_acc=0.6905  (n_train=3000)
  [seed 5] best_epoch= 35  test_acc=0.6100  (n_train=3000)
  [seed 6] best_epoch= 49  test_acc=0.6930  (n_train=3000)
  [seed 7] best_epoch= 47  test_acc=0.6810  (n_train=3000)
  [seed 8] best_epoch= 29  test_acc=0.6170  (n_train=3000)
  [seed 9] best_epoch= 24  test_acc=0.6520  (n_train=3000)
  [seed 10] best_epoch= 32  test_acc=0.6380  (n_train=3000)
  [seed 11] best_epoch= 59  test_acc=0.7000  (n_train=3000)
  [seed 12] best_epoch= 45  test_acc=0.6730  (n_train=3000)
  [seed 13] best_epoch= 29  test_acc=0.6300  (n_train=3000)
  [seed 14] best_epoch= 32  test_acc=0.6490  (n_train=3000)
  GE_CNN: test_acc 0.6593 +/- 0.0277  ->  /zhome/15/2/217301/desktop/Fagprojekt---Group-Equivariance/reports/param_datasize_2/GE_CNN/datasize_0.05/channels_8

Done. Cell datasize_0.05/channels_8 outputs under /zhome/15/2/217301/desktop/Fagprojekt---Group-Equivariance/reports/param_datasize_2/<MODEL>/

------------------------------------------------------------
Sender: LSF System <lsfadmin@hpc.dtu.dk>
Subject: Job 28682913: <pd_0.05_8> in cluster <dcc> Done

Job <pd_0.05_8> was submitted from host <n-62-30-4> by user <s245109> in cluster <dcc> at Wed Jun 17 14:36:28 2026
Job was executed on host(s) <4*n-62-13-17>, in queue <gpul40s>, as user <s245109> in cluster <dcc> at Wed Jun 17 23:56:29 2026
</zhome/15/2/217301> was used as the home directory.
</zhome/15/2/217301/desktop/Fagprojekt---Group-Equivariance> was used as the working directory.
Started at Wed Jun 17 23:56:29 2026
Terminated at Thu Jun 18 00:14:02 2026
Results reported at Thu Jun 18 00:14:02 2026

Your job looked like:

------------------------------------------------------------
# LSBATCH: User input
#!/bin/sh
### Per-CELL job template for the datasize x channels grid (CNN vs GE-CNN).
### One job handles one cell: TRAIN_FRACTION and CHANNELS are set via -env at submit.
### Outputs land in reports/param_datasize_2/datasize_<f>/channels_<c>/.
### Submit ALL 30 cells with:   bash src/submit_param_datasize_v3.sh
### Or one cell manually:
###   bsub -J pd_0.05_8 \
###        -o reports/param_datasize_2/datasize_0.05/channels_8/lsf_%J.out \
###        -e reports/param_datasize_2/datasize_0.05/channels_8/lsf_%J.err \
###        -env "all, TRAIN_FRACTION=0.05, CHANNELS=8" < src/run_param_datasize_v3.sh
#BSUB -q gpuv100
#BSUB -J param_datasize_v3
#BSUB -n 4
#BSUB -R "span[hosts=1]"
#BSUB -R "rusage[mem=8GB]"
#BSUB -gpu "num=1:mode=exclusive_process"
#BSUB -W 4:00

cd /zhome/15/2/217301/desktop/Fagprojekt---Group-Equivariance
echo "TRAIN_FRACTION=${TRAIN_FRACTION:-unset} CHANNELS=${CHANNELS:-unset}"
nvidia-smi || true
~/.local/bin/uv run python src/test_parameters_datasize_v3.py

------------------------------------------------------------

Successfully completed.

Resource usage summary:

    CPU time :                                   2240.00 sec.
    Max Memory :                                 1101 MB
    Average Memory :                             1047.30 MB
    Total Requested Memory :                     32768.00 MB
    Delta Memory :                               31667.00 MB
    Max Swap :                                   -
    Max Processes :                              9
    Max Threads :                                30
    Run time :                                   1053 sec.
    Turnaround time :                            34654 sec.

The output (if any) is above this job summary.



PS:

Read file </zhome/15/2/217301/desktop/Fagprojekt---Group-Equivariance/reports/param_datasize_2/datasize_0.05/channels_8/lsf_28682913.err> for stderr output of this job.

